******************************************************************************
             TMS320C2000 Linker PC v22.6.0                     
******************************************************************************
>> Linked Sat Oct 11 16:31:53 2025

OUTPUT FILE NAME:   <../mcb_pmsm_hall_offset_f28069m.out>
ENTRY POINT SYMBOL: "_c_int00"  address: 003da01e


MEMORY CONFIGURATION

         name            origin    length      used     unused   attr    fill
----------------------  --------  ---------  --------  --------  ----  --------
PAGE 0:
  BEGINRAM              00000000   00000002  00000000  00000002  RWIX
  PRAM                  00008000   00006000  0000001f  00005fe1  RWIX
  OTP                   003d7800   000003fa  00000000  000003fa  RWIX
  FLASH                 003d8000   0001fff0  00002de1  0001d20f  RWIX
  BEGINFLASH            003f7ff6   00000002  00000002  00000000  RWIX
  CSM_PWL               003f7ff8   00000008  00000000  00000008  RWIX
  FPUTABLES             003fd590   000006a0  000006a0  00000000  RWIX
  IQTABLES              003fdc30   00000b50  00000000  00000b50  RWIX
  IQTABLES2             003fe780   0000008c  00000000  0000008c  RWIX
  IQTABLES3             003fe80c   000000aa  00000000  000000aa  RWIX
  BOOTROM               003ff3b0   00000c10  00000000  00000c10  RWIX
  RESET                 003fffc0   00000002  00000000  00000002  RWIX
  VECTORS               003fffc2   0000003e  00000000  0000003e  RWIX

PAGE 1:
  RAMM0M1               00000002   000007fe  00000040  000007be  RWIX
  DEV_EMU               00000880   00000105  00000004  00000101  RWIX
  SYS_PWR_CTL           00000985   00000003  00000003  00000000  RWIX
  FLASH_REGS            00000a80   00000060  00000008  00000058  RWIX
  CSM                   00000ae0   00000020  00000010  00000010  RWIX
  ADC_RESULT            00000b00   00000020  00000010  00000010  RWIX
  CPU_TIMER0            00000c00   00000008  00000008  00000000  RWIX
  CPU_TIMER1            00000c08   00000008  00000008  00000000  RWIX
  CPU_TIMER2            00000c10   00000008  00000008  00000000  RWIX
  PIE_CTRL              00000ce0   00000020  0000001a  00000006  RWIX
  PIE_VECT              00000d00   00000100  00000100  00000000  RWIX
  DMA                   00001000   00000200  000000e0  00000120  RWIX
  CLA1                  00001400   00000080  00000040  00000040  RWIX
  USB0                  00004000   00001000  00000454  00000bac  RWIX
  McBSPA                00005000   00000040  00000024  0000001c  RWIX
  ECANA                 00006000   00000040  00000034  0000000c  RWIX
  ECANA_LAM             00006040   00000040  00000040  00000000  RWIX
  ECANA_MOTS            00006080   00000040  00000040  00000000  RWIX
  ECANA_MOTO            000060c0   00000040  00000040  00000000  RWIX
  ECANA_MBOX            00006100   00000100  00000100  00000000  RWIX
  COMP1                 00006400   00000020  00000014  0000000c  RWIX
  COMP2                 00006420   00000020  00000014  0000000c  RWIX
  COMP3                 00006440   00000020  00000014  0000000c  RWIX
  EPWM1                 00006800   00000040  00000040  00000000  RWIX
  EPWM2                 00006840   00000040  00000040  00000000  RWIX
  EPWM3                 00006880   00000040  00000040  00000000  RWIX
  EPWM4                 000068c0   00000040  00000040  00000000  RWIX
  EPWM5                 00006900   00000040  00000040  00000000  RWIX
  EPWM6                 00006940   00000040  00000040  00000000  RWIX
  EPWM7                 00006980   00000040  00000040  00000000  RWIX
  EPWM8                 000069c0   00000040  00000040  00000000  RWIX
  ECAP1                 00006a00   00000020  00000020  00000000  RWIX
  ECAP2                 00006a20   00000020  00000020  00000000  RWIX
  ECAP3                 00006a40   00000020  00000020  00000000  RWIX
  HRCAP1                00006ac0   00000020  00000020  00000000  RWIX
  HRCAP2                00006ae0   00000020  00000020  00000000  RWIX
  EQEP1                 00006b00   00000040  00000022  0000001e  RWIX
  EQEP2                 00006b40   00000040  00000022  0000001e  RWIX
  HRCAP3                00006c80   00000020  00000020  00000000  RWIX
  HRCAP4                00006ca0   00000020  00000020  00000000  RWIX
  GPIOCTRL              00006f80   00000040  00000040  00000000  RWIX
  GPIODAT               00006fc0   00000020  00000020  00000000  RWIX
  GPIOINT               00006fe0   00000020  00000020  00000000  RWIX
  SYSTEM                00007010   00000030  00000030  00000000  RWIX
  SPIA                  00007040   00000010  00000010  00000000  RWIX
  SCIA                  00007050   00000010  00000010  00000000  RWIX
  NMIINTRUPT            00007060   00000010  00000010  00000000  RWIX
  XINTRUPT              00007070   00000010  00000010  00000000  RWIX
  ADC                   00007100   00000080  00000050  00000030  RWIX
  SPIB                  00007740   00000010  00000010  00000000  RWIX
  SCIB                  00007750   00000010  00000010  00000000  RWIX
  I2CA                  00007900   00000040  00000022  0000001e  RWIX
  DRAM                  0000e000   00006000  000001d4  00005e2c  RWIX
  PARTID                003d7e80   00000001  00000001  00000000  RWIX
  CSM_PWL               003f7ff8   00000008  00000008  00000000  RWIX


SECTION ALLOCATION MAP

 output                                  attributes/
section   page    origin      length       input sections
--------  ----  ----------  ----------   ----------------
DevEmuRegsFile 
*          1    00000880    00000004     UNINITIALIZED
                  00000880    00000004     F2806x_GlobalVariableDefs.obj (DevEmuRegsFile)

SysPwrCtrlRegsFile 
*          1    00000985    00000003     UNINITIALIZED
                  00000985    00000003     F2806x_GlobalVariableDefs.obj (SysPwrCtrlRegsFile)

FlashRegsFile 
*          1    00000a80    00000008     UNINITIALIZED
                  00000a80    00000008     F2806x_GlobalVariableDefs.obj (FlashRegsFile)

CsmRegsFile 
*          1    00000ae0    00000010     UNINITIALIZED
                  00000ae0    00000010     F2806x_GlobalVariableDefs.obj (CsmRegsFile)

AdcResultFile 
*          1    00000b00    00000010     UNINITIALIZED
                  00000b00    00000010     F2806x_GlobalVariableDefs.obj (AdcResultFile)

CpuTimer0RegsFile 
*          1    00000c00    00000008     UNINITIALIZED
                  00000c00    00000008     F2806x_GlobalVariableDefs.obj (CpuTimer0RegsFile)

CpuTimer1RegsFile 
*          1    00000c08    00000008     UNINITIALIZED
                  00000c08    00000008     F2806x_GlobalVariableDefs.obj (CpuTimer1RegsFile)

CpuTimer2RegsFile 
*          1    00000c10    00000008     UNINITIALIZED
                  00000c10    00000008     F2806x_GlobalVariableDefs.obj (CpuTimer2RegsFile)

PieCtrlRegsFile 
*          1    00000ce0    0000001a     UNINITIALIZED
                  00000ce0    0000001a     F2806x_GlobalVariableDefs.obj (PieCtrlRegsFile)

PieVectTableFile 
*          1    00000d00    00000100     UNINITIALIZED
                  00000d00    00000100     F2806x_GlobalVariableDefs.obj (PieVectTableFile)

EmuKeyVar 
*          1    00000d00    00000001     UNINITIALIZED
                  00000d00    00000001     F2806x_GlobalVariableDefs.obj (EmuKeyVar)

EmuBModeVar 
*          1    00000d01    00000001     UNINITIALIZED
                  00000d01    00000001     F2806x_GlobalVariableDefs.obj (EmuBModeVar)

FlashCallbackVar 
*          1    00000d02    00000002     UNINITIALIZED
                  00000d02    00000002     F2806x_GlobalVariableDefs.obj (FlashCallbackVar)

FlashScalingVar 
*          1    00000d04    00000002     UNINITIALIZED
                  00000d04    00000002     F2806x_GlobalVariableDefs.obj (FlashScalingVar)

DmaRegsFile 
*          1    00001000    000000e0     UNINITIALIZED
                  00001000    000000e0     F2806x_GlobalVariableDefs.obj (DmaRegsFile)

Cla1RegsFile 
*          1    00001400    00000040     UNINITIALIZED
                  00001400    00000040     F2806x_GlobalVariableDefs.obj (Cla1RegsFile)

Usb0RegsFile 
*          1    00004000    00000454     UNINITIALIZED
                  00004000    00000454     F2806x_GlobalVariableDefs.obj (Usb0RegsFile)

McbspaRegsFile 
*          1    00005000    00000024     UNINITIALIZED
                  00005000    00000024     F2806x_GlobalVariableDefs.obj (McbspaRegsFile)

ECanaRegsFile 
*          1    00006000    00000034     UNINITIALIZED
                  00006000    00000034     F2806x_GlobalVariableDefs.obj (ECanaRegsFile)

ECanaLAMRegsFile 
*          1    00006040    00000040     UNINITIALIZED
                  00006040    00000040     F2806x_GlobalVariableDefs.obj (ECanaLAMRegsFile)

ECanaMOTSRegsFile 
*          1    00006080    00000040     UNINITIALIZED
                  00006080    00000040     F2806x_GlobalVariableDefs.obj (ECanaMOTSRegsFile)

ECanaMOTORegsFile 
*          1    000060c0    00000040     UNINITIALIZED
                  000060c0    00000040     F2806x_GlobalVariableDefs.obj (ECanaMOTORegsFile)

ECanaMboxesFile 
*          1    00006100    00000100     UNINITIALIZED
                  00006100    00000100     F2806x_GlobalVariableDefs.obj (ECanaMboxesFile)

Comp1RegsFile 
*          1    00006400    00000014     UNINITIALIZED
                  00006400    00000014     F2806x_GlobalVariableDefs.obj (Comp1RegsFile)

Comp2RegsFile 
*          1    00006420    00000014     UNINITIALIZED
                  00006420    00000014     F2806x_GlobalVariableDefs.obj (Comp2RegsFile)

Comp3RegsFile 
*          1    00006440    00000014     UNINITIALIZED
                  00006440    00000014     F2806x_GlobalVariableDefs.obj (Comp3RegsFile)

EPwm1RegsFile 
*          1    00006800    00000040     UNINITIALIZED
                  00006800    00000040     F2806x_GlobalVariableDefs.obj (EPwm1RegsFile)

EPwm2RegsFile 
*          1    00006840    00000040     UNINITIALIZED
                  00006840    00000040     F2806x_GlobalVariableDefs.obj (EPwm2RegsFile)

EPwm3RegsFile 
*          1    00006880    00000040     UNINITIALIZED
                  00006880    00000040     F2806x_GlobalVariableDefs.obj (EPwm3RegsFile)

EPwm4RegsFile 
*          1    000068c0    00000040     UNINITIALIZED
                  000068c0    00000040     F2806x_GlobalVariableDefs.obj (EPwm4RegsFile)

EPwm5RegsFile 
*          1    00006900    00000040     UNINITIALIZED
                  00006900    00000040     F2806x_GlobalVariableDefs.obj (EPwm5RegsFile)

EPwm6RegsFile 
*          1    00006940    00000040     UNINITIALIZED
                  00006940    00000040     F2806x_GlobalVariableDefs.obj (EPwm6RegsFile)

EPwm7RegsFile 
*          1    00006980    00000040     UNINITIALIZED
                  00006980    00000040     F2806x_GlobalVariableDefs.obj (EPwm7RegsFile)

EPwm8RegsFile 
*          1    000069c0    00000040     UNINITIALIZED
                  000069c0    00000040     F2806x_GlobalVariableDefs.obj (EPwm8RegsFile)

ECap1RegsFile 
*          1    00006a00    00000020     UNINITIALIZED
                  00006a00    00000020     F2806x_GlobalVariableDefs.obj (ECap1RegsFile)

ECap2RegsFile 
*          1    00006a20    00000020     UNINITIALIZED
                  00006a20    00000020     F2806x_GlobalVariableDefs.obj (ECap2RegsFile)

ECap3RegsFile 
*          1    00006a40    00000020     UNINITIALIZED
                  00006a40    00000020     F2806x_GlobalVariableDefs.obj (ECap3RegsFile)

HRCap1RegsFile 
*          1    00006ac0    00000020     UNINITIALIZED
                  00006ac0    00000020     F2806x_GlobalVariableDefs.obj (HRCap1RegsFile)

HRCap2RegsFile 
*          1    00006ae0    00000020     UNINITIALIZED
                  00006ae0    00000020     F2806x_GlobalVariableDefs.obj (HRCap2RegsFile)

EQep1RegsFile 
*          1    00006b00    00000022     UNINITIALIZED
                  00006b00    00000022     F2806x_GlobalVariableDefs.obj (EQep1RegsFile)

EQep2RegsFile 
*          1    00006b40    00000022     UNINITIALIZED
                  00006b40    00000022     F2806x_GlobalVariableDefs.obj (EQep2RegsFile)

HRCap3RegsFile 
*          1    00006c80    00000020     UNINITIALIZED
                  00006c80    00000020     F2806x_GlobalVariableDefs.obj (HRCap3RegsFile)

HRCap4RegsFile 
*          1    00006ca0    00000020     UNINITIALIZED
                  00006ca0    00000020     F2806x_GlobalVariableDefs.obj (HRCap4RegsFile)

GpioCtrlRegsFile 
*          1    00006f80    00000040     UNINITIALIZED
                  00006f80    00000040     F2806x_GlobalVariableDefs.obj (GpioCtrlRegsFile)

GpioDataRegsFile 
*          1    00006fc0    00000020     UNINITIALIZED
                  00006fc0    00000020     F2806x_GlobalVariableDefs.obj (GpioDataRegsFile)

GpioIntRegsFile 
*          1    00006fe0    00000020     UNINITIALIZED
                  00006fe0    00000020     F2806x_GlobalVariableDefs.obj (GpioIntRegsFile)

SysCtrlRegsFile 
*          1    00007010    00000030     UNINITIALIZED
                  00007010    00000030     F2806x_GlobalVariableDefs.obj (SysCtrlRegsFile)

SpiaRegsFile 
*          1    00007040    00000010     UNINITIALIZED
                  00007040    00000010     F2806x_GlobalVariableDefs.obj (SpiaRegsFile)

SciaRegsFile 
*          1    00007050    00000010     UNINITIALIZED
                  00007050    00000010     F2806x_GlobalVariableDefs.obj (SciaRegsFile)

NmiIntruptRegsFile 
*          1    00007060    00000010     UNINITIALIZED
                  00007060    00000010     F2806x_GlobalVariableDefs.obj (NmiIntruptRegsFile)

XIntruptRegsFile 
*          1    00007070    00000010     UNINITIALIZED
                  00007070    00000010     F2806x_GlobalVariableDefs.obj (XIntruptRegsFile)

AdcRegsFile 
*          1    00007100    00000050     UNINITIALIZED
                  00007100    00000050     F2806x_GlobalVariableDefs.obj (AdcRegsFile)

SpibRegsFile 
*          1    00007740    00000010     UNINITIALIZED
                  00007740    00000010     F2806x_GlobalVariableDefs.obj (SpibRegsFile)

ScibRegsFile 
*          1    00007750    00000010     UNINITIALIZED
                  00007750    00000010     F2806x_GlobalVariableDefs.obj (ScibRegsFile)

I2caRegsFile 
*          1    00007900    00000022     UNINITIALIZED
                  00007900    00000022     F2806x_GlobalVariableDefs.obj (I2caRegsFile)

PartIdRegsFile 
*          1    003d7e80    00000001     UNINITIALIZED
                  003d7e80    00000001     F2806x_GlobalVariableDefs.obj (PartIdRegsFile)

CsmPwlFile 
*          1    003f7ff8    00000008     UNINITIALIZED
                  003f7ff8    00000008     F2806x_GlobalVariableDefs.obj (CsmPwlFile)

.text      0    003d801f    000024b6     
                  003d801f    00000a71     mcb_pmsm_hall_offset_f28069m.obj (.text:retain)
                  003d8a90    00000661     MW_c2000ISR.obj (.text)
                  003d90f1    000003cf     mcb_pmsm_hall_offset_f28069m.obj (.text)
                  003d94c0    0000039b     F2806x_DefaultIsr.obj (.text:retain)
                  003d985b    00000237     F2806x_Adc.obj (.text)
                  003d9a92    00000194     DSP28xx_SciUtil.obj (.text)
                  003d9c26    0000018a     F2806x_SysCtrl.obj (.text)
                  003d9db0    000000a8     MW_c28xx_cap.obj (.text)
                  003d9e58    00000092     rt_nonfinite.obj (.text)
                  003d9eea    00000076     F2806x_CpuTimers.obj (.text)
                  003d9f60    00000065     ert_main.obj (.text)
                  003d9fc5    00000059     rts2800_fpu32.lib : s_floorf.c.obj (.text)
                  003da01e    00000056                       : boot28.asm.obj (.text)
                  003da074    00000054     MW_c28xx_csl.obj (.text)
                  003da0c8    00000050     MW_c28xx_board.obj (.text)
                  003da118    0000004f     rts2800_fpu32_fast_supplement.lib : atan2_f32.obj (.text)
                  003da167    0000004e     c2806xSchedulerTimer0.obj (.text)
                  003da1b5    0000004a     c2806xSchedulerTimer0.obj (.text:retain)
                  003da1ff    0000004a     rts2800_fpu32_fast_supplement.lib : atan_f32.obj (.text)
                  003da249    00000044     rtGetInf.obj (.text)
                  003da28d    00000034     c2806xBoard_Realtime_Support.obj (.text)
                  003da2c1    00000034     rts2800_fpu32_fast_supplement.lib : cos_f32.obj (.text)
                  003da2f5    00000034                                       : sin_f32.obj (.text)
                  003da329    00000031     MW_c28xx_adc.obj (.text)
                  003da35a    0000002a     rtGetNaN.obj (.text)
                  003da384    00000029     rts2800_fpu32.lib : exit.c.obj (.text)
                  003da3ad    00000028     F2806x_PieCtrl.obj (.text)
                  003da3d5    00000026     F2806x_PieVect.obj (.text)
                  003da3fb    00000024     rts2800_fpu32.lib : cpy_tbl.c.obj (.text)
                  003da41f    00000021     rts2800_fpu32_fast_supplement.lib : sqrt_f32.obj (.text)
                  003da440    0000001d     rts2800_fpu32.lib : memcpy.c.obj (.text)
                  003da45d    0000001c     MW_c28xx_pwm.obj (.text)
                  003da479    00000019     rts2800_fpu32_fast_supplement.lib : div_f32.obj (.text)
                  003da492    00000014     MW_c28xGlobalInterrupts.obj (.text)
                  003da4a6    00000012     rts2800_fpu32.lib : args_main.c.obj (.text)
                  003da4b8    00000009                       : _lock.c.obj (.text)
                  003da4c1    00000008     F2806x_CodeStartBranch.obj (.text)
                  003da4c9    00000007     rts2800_fpu32.lib : memset.c.obj (.text)
                  003da4d0    00000002     blapp_support.obj (.text)
                  003da4d2    00000002     rts2800_fpu32.lib : pre_init.c.obj (.text)
                  003da4d4    00000001                       : startup.c.obj (.text)

.bss       1    0000e000    00000000     UNINITIALIZED

.ebss      1    0000e000    000001d4     UNINITIALIZED
                  0000e000    0000019c     mcb_pmsm_hall_offset_f28069m.obj (.ebss)
                  0000e19c    00000018     F2806x_CpuTimers.obj (.ebss)
                  0000e1b4    0000000c     rt_nonfinite.obj (.ebss)
                  0000e1c0    00000006     rts2800_fpu32.lib : exit.c.obj (.ebss)
                  0000e1c6    00000004     DSP28xx_SciUtil.obj (.ebss)
                  0000e1ca    00000004     ert_main.obj (.ebss)
                  0000e1ce    00000002     rts2800_fpu32.lib : _lock.c.obj (.ebss:__lock)
                  0000e1d0    00000002                       : _lock.c.obj (.ebss:__unlock)
                  0000e1d2    00000001     MW_c28xGPIO.obj (.ebss)
                  0000e1d3    00000001     MW_c28xGlobalInterrupts.obj (.ebss)

.cinit     0    003dadb4    0000002e     
                  003dadb4    0000000e     rts2800_fpu32.lib : exit.c.obj (.cinit)
                  003dadc2    00000008     ert_main.obj (.cinit)
                  003dadca    00000005     rts2800_fpu32.lib : _lock.c.obj (.cinit:__lock)
                  003dadcf    00000005                       : _lock.c.obj (.cinit:__unlock)
                  003dadd4    00000004     MW_c28xGPIO.obj (.cinit)
                  003dadd8    00000004     MW_c28xGlobalInterrupts.obj (.cinit)
                  003daddc    00000004     mcb_pmsm_hall_offset_f28069m.obj (.cinit)
                  003dade0    00000002     --HOLE-- [fill = 0]

.pinit     0    003d8000    00000000     UNINITIALIZED

.econst    0    003da4d6    000008de     
                  003da4d6    000007d4     mcb_pmsm_hall_offset_f28069m_data.obj (.econst:_mcb_pmsm_hall_offset_f28_ConstP)
                  003dacaa    00000100     F2806x_PieVect.obj (.econst:_PieVectTableInit)
                  003dadaa    00000004     mcb_pmsm_hall_offset_f28069m.obj (.econst:_tmp_e$1)
                  003dadae    00000002     rtGetNaN.obj (.econst:_$P$T0$1)
                  003dadb0    00000002     mcb_pmsm_hall_offset_f28069m.obj (.econst)
                  003dadb2    00000002     rts2800_fpu32.lib : s_floorf.c.obj (.econst)

.reset     0    003fffc0    00000002     DSECT
                  003fffc0    00000002     rts2800_fpu32.lib : boot28.asm.obj (.reset)

.data      1    0000e000    00000000     UNINITIALIZED

.stack     1    00000002    00000040     UNINITIALIZED
                  00000002    00000040     --HOLE--

codestart 
*          0    003f7ff6    00000002     
                  003f7ff6    00000002     F2806x_CodeStartBranch.obj (codestart)

ramfuncs   0    003d8000    0000001f     RUN ADDR = 00008000
                  003d8000    0000001b     F2806x_SysCtrl.obj (ramfuncs)
                  003d801b    00000004     F2806x_usDelay.obj (ramfuncs)

FPUmathTables 
*          0    003fd590    000006a0     NOLOAD SECTION
                  003fd590    000006a0     rts2800_fpu32_fast_supplement.lib : FPUmathTables.obj (FPUmathTables)

MODULE SUMMARY

       Module                                  code   initialized data   uninitialized data
       ------                                  ----   ----------------   ------------------
    <current directory>
       mcb_pmsm_hall_offset_f28069m.obj        3648   10                 412               
       F2806x_GlobalVariableDefs.obj           0      0                  3550              
       mcb_pmsm_hall_offset_f28069m_data.obj   0      2004               0                 
       MW_c2000ISR.obj                         1633   0                  0                 
       F2806x_DefaultIsr.obj                   923    0                  0                 
       F2806x_Adc.obj                          567    0                  0                 
       F2806x_SysCtrl.obj                      448    0                  0                 
       DSP28xx_SciUtil.obj                     404    0                  4                 
       F2806x_PieVect.obj                      38     256                0                 
       MW_c28xx_cap.obj                        168    0                  0                 
       rt_nonfinite.obj                        146    0                  12                
       c2806xSchedulerTimer0.obj               152    0                  0                 
       F2806x_CpuTimers.obj                    118    0                  24                
       ert_main.obj                            101    8                  4                 
       MW_c28xx_csl.obj                        84     0                  0                 
       MW_c28xx_board.obj                      80     0                  0                 
       rtGetInf.obj                            68     0                  0                 
       c2806xBoard_Realtime_Support.obj        52     0                  0                 
       MW_c28xx_adc.obj                        49     0                  0                 
       rtGetNaN.obj                            42     2                  0                 
       F2806x_PieCtrl.obj                      40     0                  0                 
       MW_c28xx_pwm.obj                        28     0                  0                 
       MW_c28xGlobalInterrupts.obj             20     4                  1                 
       F2806x_CodeStartBranch.obj              10     0                  0                 
       F2806x_usDelay.obj                      8      0                  0                 
       MW_c28xGPIO.obj                         0      4                  1                 
       blapp_support.obj                       2      0                  0                 
    +--+---------------------------------------+------+------------------+--------------------+
       Total:                                  8829   2288               4008              
                                                                                           
    C:/ProgramData/MATLAB/tic2000/3P.instrset/tic28xcodegentools.instrset/ti-cgt-c2000_22.6.0.LTS/lib/rts2800_fpu32.lib
       s_floorf.c.obj                          89     2                  0                 
       boot28.asm.obj                          86     0                  0                 
       exit.c.obj                              41     14                 6                 
       cpy_tbl.c.obj                           36     0                  0                 
       memcpy.c.obj                            29     0                  0                 
       _lock.c.obj                             9      10                 4                 
       args_main.c.obj                         18     0                  0                 
       memset.c.obj                            7      0                  0                 
       pre_init.c.obj                          2      0                  0                 
       startup.c.obj                           1      0                  0                 
    +--+---------------------------------------+------+------------------+--------------------+
       Total:                                  318    26                 10                
                                                                                           
    C:/TI/controlSUITE/libs/math/FPUfastRTS/V100/lib/rts2800_fpu32_fast_supplement.lib
       FPUmathTables.obj                       0      1696               0                 
       atan2_f32.obj                           79     0                  0                 
       atan_f32.obj                            74     0                  0                 
       cos_f32.obj                             52     0                  0                 
       sin_f32.obj                             52     0                  0                 
       sqrt_f32.obj                            33     0                  0                 
       div_f32.obj                             25     0                  0                 
    +--+---------------------------------------+------+------------------+--------------------+
       Total:                                  315    1696               0                 
                                                                                           
       Stack:                                  0      0                  64                
    +--+---------------------------------------+------+------------------+--------------------+
       Grand Total:                            9462   4010               4082              


GLOBAL DATA SYMBOLS: SORTED BY DATA PAGE

address     data page           name
--------    ----------------    ----
00000002       0 (00000000)     __stack

00000880      22 (00000880)     _DevEmuRegs

00000985      26 (00000980)     _SysPwrCtrlRegs

00000a80      2a (00000a80)     _FlashRegs

00000ae0      2b (00000ac0)     _CsmRegs

00000b00      2c (00000b00)     _AdcResult

00000c00      30 (00000c00)     _CpuTimer0Regs
00000c08      30 (00000c00)     _CpuTimer1Regs
00000c10      30 (00000c00)     _CpuTimer2Regs

00000ce0      33 (00000cc0)     _PieCtrlRegs

00000d00      34 (00000d00)     _EmuKey
00000d00      34 (00000d00)     _PieVectTable
00000d01      34 (00000d00)     _EmuBMode
00000d02      34 (00000d00)     _Flash_CallbackPtr
00000d04      34 (00000d00)     _Flash_CPUScaleFactor

00001000      40 (00001000)     _DmaRegs

00001400      50 (00001400)     _Cla1Regs

00004000     100 (00004000)     _Usb0Regs

00005000     140 (00005000)     _McbspaRegs

00006000     180 (00006000)     _ECanaRegs

00006040     181 (00006040)     _ECanaLAMRegs

00006080     182 (00006080)     _ECanaMOTSRegs

000060c0     183 (000060c0)     _ECanaMOTORegs

00006100     184 (00006100)     _ECanaMboxes

00006400     190 (00006400)     _Comp1Regs
00006420     190 (00006400)     _Comp2Regs

00006440     191 (00006440)     _Comp3Regs

00006800     1a0 (00006800)     _EPwm1Regs

00006840     1a1 (00006840)     _EPwm2Regs

00006880     1a2 (00006880)     _EPwm3Regs

000068c0     1a3 (000068c0)     _EPwm4Regs

00006900     1a4 (00006900)     _EPwm5Regs

00006940     1a5 (00006940)     _EPwm6Regs

00006980     1a6 (00006980)     _EPwm7Regs

000069c0     1a7 (000069c0)     _EPwm8Regs

00006a00     1a8 (00006a00)     _ECap1Regs
00006a20     1a8 (00006a00)     _ECap2Regs

00006a40     1a9 (00006a40)     _ECap3Regs

00006ac0     1ab (00006ac0)     _HRCap1Regs
00006ae0     1ab (00006ac0)     _HRCap2Regs

00006b00     1ac (00006b00)     _EQep1Regs

00006b40     1ad (00006b40)     _EQep2Regs

00006c80     1b2 (00006c80)     _HRCap3Regs
00006ca0     1b2 (00006c80)     _HRCap4Regs

00006f80     1be (00006f80)     _GpioCtrlRegs

00006fc0     1bf (00006fc0)     _GpioDataRegs
00006fe0     1bf (00006fc0)     _GpioIntRegs

00007010     1c0 (00007000)     _SysCtrlRegs

00007040     1c1 (00007040)     _SpiaRegs
00007050     1c1 (00007040)     _SciaRegs
00007060     1c1 (00007040)     _NmiIntruptRegs
00007070     1c1 (00007040)     _XIntruptRegs

00007100     1c4 (00007100)     _AdcRegs

00007740     1dd (00007740)     _SpibRegs
00007750     1dd (00007740)     _ScibRegs

00007900     1e4 (00007900)     _I2caRegs

0000e000     380 (0000e000)     _MW_adcInitFlag
0000e004     380 (0000e000)     _mcb_pmsm_hall_offset_f280_DWork

0000e040     381 (0000e040)     _mcb_pmsm_hall_offset_f28069m_B

0000e19c     386 (0000e180)     _CpuTimer0
0000e1a4     386 (0000e180)     _CpuTimer1
0000e1ac     386 (0000e180)     _CpuTimer2
0000e1b4     386 (0000e180)     _rtInf
0000e1b6     386 (0000e180)     _rtMinusInf
0000e1b8     386 (0000e180)     _rtNaN
0000e1ba     386 (0000e180)     _rtInfF
0000e1bc     386 (0000e180)     _rtMinusInfF
0000e1be     386 (0000e180)     _rtNaNF

0000e1c0     387 (0000e1c0)     ___TI_enable_exit_profile_output
0000e1c2     387 (0000e1c0)     ___TI_cleanup_ptr
0000e1c4     387 (0000e1c0)     ___TI_dtors_ptr
0000e1c6     387 (0000e1c0)     _checkSCITransmitInProgressA
0000e1c7     387 (0000e1c0)     _frameA1Transmitted
0000e1c8     387 (0000e1c0)     _frameA1Count
0000e1ca     387 (0000e1c0)     _IsrOverrun
0000e1cc     387 (0000e1c0)     _stopRequested
0000e1cd     387 (0000e1c0)     _runModel
0000e1ce     387 (0000e1c0)     __lock
0000e1d0     387 (0000e1c0)     __unlock
0000e1d2     387 (0000e1c0)     _GPIO_oneTimeInit
0000e1d3     387 (0000e1c0)     _MW_InterruptDisableLock

003d7e80    f5fa (003d7e80)     _PartIdRegs

003da4d6    f693 (003da4c0)     _mcb_pmsm_hall_offset_f28_ConstP

003dacaa    f6b2 (003dac80)     _PieVectTableInit

003dadb0    f6b6 (003dad80)     _mcb_pmsm_hall_offset_f28069m_M

003f7ff8    fdff (003f7fc0)     _CsmPwl

003fd590    ff56 (003fd580)     _FPUsinTable

003fd690    ff5a (003fd680)     _FPUcosTable

003fd990    ff66 (003fd980)     _FPUsinTableEnd

003fda92    ff6a (003fda80)     _FPUatan2HalfPITable
003fda92    ff6a (003fda80)     _FPUcosTableEnd
003fda96    ff6a (003fda80)     _FPUatan2Table

003fdc1c    ff70 (003fdc00)     _FPUatan2TableEnd


GLOBAL SYMBOLS: SORTED ALPHABETICALLY BY Name 

page  address   name                                                
----  -------   ----                                                
1     0000e000  .bss                                                
1     0000e000  .data                                               
0     003d801f  .text                                               
0     003da384  C$$EXIT                                             
0     003da479  FS$$DIV                                             
0     003d801f  _ADCINT1                                            
0     003d957e  _ADCINT1_ISR                                        
0     003d9588  _ADCINT2_ISR                                        
0     003d9790  _ADCINT3_ISR                                        
0     003d979a  _ADCINT4_ISR                                        
0     003d97a4  _ADCINT5_ISR                                        
0     003d97ae  _ADCINT6_ISR                                        
0     003d97b8  _ADCINT7_ISR                                        
0     003d97c2  _ADCINT8_ISR                                        
0     003d95a6  _ADCINT9_ISR                                        
0     003d98cd  _AdcChanSelect                                      
0     003d9942  _AdcConversion                                      
0     003d98a6  _AdcOffsetSelfCal                                   
1     00007100  _AdcRegs                                            
1     00000b00  _AdcResult                                          
0     003d9261  _Badhallglitchorwrongconnection                     
0     003d97cc  _CLA1_INT1_ISR                                      
0     003d97d6  _CLA1_INT2_ISR                                      
0     003d97e0  _CLA1_INT3_ISR                                      
0     003d97ea  _CLA1_INT4_ISR                                      
0     003d97f4  _CLA1_INT5_ISR                                      
0     003d97fe  _CLA1_INT6_ISR                                      
0     003d9808  _CLA1_INT7_ISR                                      
0     003d9812  _CLA1_INT8_ISR                                      
1     00001400  _Cla1Regs                                           
1     00006400  _Comp1Regs                                          
1     00006420  _Comp2Regs                                          
1     00006440  _Comp3Regs                                          
0     003d9f25  _ConfigCpuTimer                                     
1     0000e19c  _CpuTimer0                                          
1     00000c00  _CpuTimer0Regs                                      
1     0000e1a4  _CpuTimer1                                          
1     00000c08  _CpuTimer1Regs                                      
1     0000e1ac  _CpuTimer2                                          
1     00000c10  _CpuTimer2Regs                                      
1     003f7ff8  _CsmPwl                                             
1     00000ae0  _CsmRegs                                            
0     003d9d2a  _CsmUnlock                                          
0     003d94d4  _DATALOG_ISR                                        
0     003d9704  _DINTCH1_ISR                                        
0     003d970e  _DINTCH2_ISR                                        
0     003d9718  _DINTCH3_ISR                                        
0     003d9722  _DINTCH4_ISR                                        
0     003d972c  _DINTCH5_ISR                                        
0     003d9736  _DINTCH6_ISR                                        
0     0000801b  _DSP28x_usDelay                                     
1     00000880  _DevEmuRegs                                         
0     003d9c4a  _DisableDog                                         
1     00001000  _DmaRegs                                            
0     003d977c  _ECAN0INTA_ISR                                      
0     003d9786  _ECAN1INTA_ISR                                      
0     003d8746  _ECAP1_INT                                          
0     003d9664  _ECAP1_INT_ISR                                      
0     003d8832  _ECAP2_INT                                          
0     003d966e  _ECAP2_INT_ISR                                      
0     003d8920  _ECAP3_INT                                          
0     003d9678  _ECAP3_INT_ISR                                      
1     00006040  _ECanaLAMRegs                                       
1     000060c0  _ECanaMOTORegs                                      
1     00006080  _ECanaMOTSRegs                                      
1     00006100  _ECanaMboxes                                        
1     00006000  _ECanaRegs                                          
1     00006a00  _ECap1Regs                                          
1     00006a20  _ECap2Regs                                          
1     00006a40  _ECap3Regs                                          
0     003d983a  _EMPTY_ISR                                          
0     003d94e8  _EMUINT_ISR                                         
0     003d9614  _EPWM1_INT_ISR                                      
0     003d95c4  _EPWM1_TZINT_ISR                                    
0     003d961e  _EPWM2_INT_ISR                                      
0     003d95ce  _EPWM2_TZINT_ISR                                    
0     003d9628  _EPWM3_INT_ISR                                      
0     003d95d8  _EPWM3_TZINT_ISR                                    
0     003d9632  _EPWM4_INT_ISR                                      
0     003d95e2  _EPWM4_TZINT_ISR                                    
0     003d963c  _EPWM5_INT_ISR                                      
0     003d95ec  _EPWM5_TZINT_ISR                                    
0     003d9646  _EPWM6_INT_ISR                                      
0     003d95f6  _EPWM6_TZINT_ISR                                    
0     003d9650  _EPWM7_INT_ISR                                      
0     003d9600  _EPWM7_TZINT_ISR                                    
0     003d965a  _EPWM8_INT_ISR                                      
0     003d960a  _EPWM8_TZINT_ISR                                    
1     00006800  _EPwm1Regs                                          
1     00006840  _EPwm2Regs                                          
1     00006880  _EPwm3Regs                                          
1     000068c0  _EPwm4Regs                                          
1     00006900  _EPwm5Regs                                          
1     00006940  _EPwm6Regs                                          
1     00006980  _EPwm7Regs                                          
1     000069c0  _EPwm8Regs                                          
0     003d9696  _EQEP1_INT_ISR                                      
0     003d96a0  _EQEP2_INT_ISR                                      
1     00006b00  _EQep1Regs                                          
1     00006b40  _EQep2Regs                                          
1     00000d01  _EmuBMode                                           
1     00000d00  _EmuKey                                             
0     003da3cc  _EnableInterrupts                                   
0     003d9d9a  _ExtOscSel                                          
0     003fda92  _FPUatan2HalfPITable                                
0     003fda96  _FPUatan2Table                                      
0     003fdc1c  _FPUatan2TableEnd                                   
0     003fd690  _FPUcosTable                                        
0     003fda92  _FPUcosTableEnd                                     
0     003fd590  _FPUsinTable                                        
0     003fd990  _FPUsinTableEnd                                     
1     00000a80  _FlashRegs                                          
1     00000d04  _Flash_CPUScaleFactor                               
1     00000d02  _Flash_CallbackPtr                                  
1     0000e1d2  _GPIO_oneTimeInit                                   
1     00006f80  _GpioCtrlRegs                                       
1     00006fc0  _GpioDataRegs                                       
1     00006fe0  _GpioIntRegs                                        
0     003d9682  _HRCAP1_INT_ISR                                     
0     003d968c  _HRCAP2_INT_ISR                                     
0     003d96aa  _HRCAP3_INT_ISR                                     
0     003d96b4  _HRCAP4_INT_ISR                                     
1     00006ac0  _HRCap1Regs                                         
1     00006ae0  _HRCap2Regs                                         
1     00006c80  _HRCap3Regs                                         
1     00006ca0  _HRCap4Regs                                         
0     003d90d4  _HWI_TIC28x_AcknowledgeIrq                          
0     003d8a90  _HWI_TIC28x_ConfigureIRQ                            
0     003d8cdb  _HWI_TIC28x_DisableIRQ                              
0     003d8aa2  _HWI_TIC28x_EnableIRQ                               
0     003d8f2b  _HWI_TIC28x_EnablePendingIRQ                        
0     003d9740  _I2CINT1A_ISR                                       
0     003d974a  _I2CINT2A_ISR                                       
1     00007900  _I2caRegs                                           
0     003d94fc  _ILLEGAL_ISR                                        
0     003d94c0  _INT13_ISR                                          
0     003d94ca  _INT14_ISR                                          
0     003d985b  _InitAdc                                            
0     003d9884  _InitAdcAio                                         
0     003d9eea  _InitCpuTimers                                      
0     00008000  _InitFlash                                          
0     003d9cd4  _InitPeripheralClocks                               
0     003da3ad  _InitPieCtrl                                        
0     003da3d5  _InitPieVectTable                                   
0     003d9c52  _InitPll                                            
0     003d9ca6  _InitPll2                                           
0     003d9c26  _InitSysCtrl                                        
0     003d9d5b  _IntOsc1Sel                                         
0     003d9d6b  _IntOsc2Sel                                         
1     0000e1ca  _IsrOverrun                                         
0     003d9830  _LUF_ISR                                            
0     003d9826  _LVF_ISR                                            
0     003d96f0  _MRINTA_ISR                                         
1     0000e1d3  _MW_InterruptDisableLock                            
1     0000e000  _MW_adcInitFlag                                     
0     003d96fa  _MXINTA_ISR                                         
1     00005000  _McbspaRegs                                         
0     003d9153  _MultiWordAdd                                       
0     003d94f2  _NMI_ISR                                            
1     00007060  _NmiIntruptRegs                                     
0     003d9847  _PIE_RESERVED                                       
1     003d7e80  _PartIdRegs                                         
1     00000ce0  _PieCtrlRegs                                        
1     00000d00  _PieVectTable                                       
0     003dacaa  _PieVectTableInit                                   
0     003d94de  _RTOSINT_ISR                                        
0     003d801f  _RamfuncsLoadEnd                                    
0     003d8000  _RamfuncsLoadStart                                  
0     00008000  _RamfuncsRunStart                                   
0     003d8a0e  _SCIRXINTA                                          
0     003d9754  _SCIRXINTA_ISR                                      
0     003d9768  _SCIRXINTB_ISR                                      
0     003d975e  _SCITXINTA_ISR                                      
0     003d9772  _SCITXINTB_ISR                                      
0     003d96c8  _SPIRXINTA_ISR                                      
0     003d96dc  _SPIRXINTB_ISR                                      
0     003d96d2  _SPITXINTA_ISR                                      
0     003d96e6  _SPITXINTB_ISR                                      
1     00007050  _SciaRegs                                           
1     00007750  _ScibRegs                                           
0     003d9c40  _ServiceDog                                         
1     00007040  _SpiaRegs                                           
1     00007740  _SpibRegs                                           
1     00007010  _SysCtrlRegs                                        
1     00000985  _SysPwrCtrlRegs                                     
0     003d95b0  _TINT0_ISR                                          
0     003da1b5  _TINT0_isr                                          
0     003d96be  _USB0_INT_ISR                                       
0     003d9560  _USER10_ISR                                         
0     003d956a  _USER11_ISR                                         
0     003d9574  _USER12_ISR                                         
0     003d9506  _USER1_ISR                                          
0     003d9510  _USER2_ISR                                          
0     003d951a  _USER3_ISR                                          
0     003d9524  _USER4_ISR                                          
0     003d952e  _USER5_ISR                                          
0     003d9538  _USER6_ISR                                          
0     003d9542  _USER7_ISR                                          
0     003d954c  _USER8_ISR                                          
0     003d9556  _USER9_ISR                                          
1     00004000  _Usb0Regs                                           
0     003d95ba  _WAKEINT_ISR                                        
0     003d9592  _XINT1_ISR                                          
0     003d959c  _XINT2_ISR                                          
0     003d981c  _XINT3_ISR                                          
1     00007070  _XIntruptRegs                                       
0     003d9d7f  _XtalOscSel                                         
1     00000042  __STACK_END                                         
abs   00000040  __STACK_SIZE                                        
1     0000e1c2  ___TI_cleanup_ptr                                   
1     0000e1c4  ___TI_dtors_ptr                                     
1     0000e1c0  ___TI_enable_exit_profile_output                    
abs   ffffffff  ___TI_pprof_out_hndl                                
abs   ffffffff  ___TI_prof_data_size                                
abs   ffffffff  ___TI_prof_data_start                               
abs   ffffffff  ___binit__                                          
1     0000e000  ___bss__                                            
abs   ffffffff  ___c_args__                                         
0     003dadb4  ___cinit__                                          
1     0000e000  ___data__                                           
1     0000e000  ___edata__                                          
1     0000e000  ___end__                                            
0     003da4d5  ___etext__                                          
abs   ffffffff  ___pinit__                                          
0     003d801f  ___text__                                           
0     003da4a6  __args_main                                         
1     0000e1ce  __lock                                              
0     003da4c0  __nop                                               
0     003da4bc  __register_lock                                     
0     003da4b8  __register_unlock                                   
1     00000002  __stack                                             
0     003da4d4  __system_post_cinit                                 
0     003da4d2  __system_pre_init                                   
1     0000e1d0  __unlock                                            
0     003da384  _abort                                              
0     003da1ff  _atan                                               
0     003da118  _atan2                                              
0     003da2a9  _atan2f                                             
0     003da2a2  _atanf                                              
0     003da4d0  _bootloaderBackgroundTask                           
0     003da4d1  _bootloaderInit                                     
0     003da2b2  _c2000_flash_init                                   
0     003da01e  _c_int00                                            
1     0000e1c6  _checkSCITransmitInProgressA                        
0     003da329  _config_ADC_SOC0_SOC1                               
0     003da478  _config_ePWMSyncSource                              
0     003da45d  _config_ePWM_GPIO                                   
0     003da470  _config_ePWM_TBSync                                 
0     003da167  _configureTimer0                                    
0     003da3fb  _copy_in                                            
0     003da2c1  _cos                                                
0     003da28d  _cosf                                               
0     003da194  _disableTimer0Interrupt                             
0     003da074  _disableWatchdog                                    
0     003da18c  _enableTimer0Interrupt                              
0     003da386  _exit                                               
0     003d9fc5  _floor                                              
0     003d9fc5  _floorf                                             
1     0000e1c8  _frameA1Count                                       
1     0000e1c7  _frameA1Transmitted                                 
0     003da49e  _globalInterruptDisable                             
0     003da492  _globalInterruptEnable                              
0     003d9dc8  _init_CAP1                                          
0     003d9df8  _init_CAP2                                          
0     003d9e28  _init_CAP3                                          
0     003d9db0  _init_CAP_GPIO                                      
0     003da07f  _init_SCI                                           
0     003d9c1e  _init_SCIFrame                                      
0     003da0b4  _init_SCI_GPIO                                      
0     003da0c8  _init_board                                         
0     003d9f74  _main                                               
0     003d91e1  _mcb_pmsm_hall_o_ValidHalls_Init                    
0     003d919f  _mcb_pmsm_hall_offs_HallValueof1                    
0     003d91a9  _mcb_pmsm_hall_offs_HallValueof2                    
0     003d91b3  _mcb_pmsm_hall_offs_HallValueof3                    
0     003d91bb  _mcb_pmsm_hall_offs_HallValueof4                    
0     003d91c5  _mcb_pmsm_hall_offs_HallValueof5                    
0     003d91cf  _mcb_pmsm_hall_offs_HallValueof7                    
0     003d91ec  _mcb_pmsm_hall_offset_ValidHalls                    
1     0000e040  _mcb_pmsm_hall_offset_f28069m_B                     
0     003dadb0  _mcb_pmsm_hall_offset_f28069m_M                     
0     003d9482  _mcb_pmsm_hall_offset_f28069m_configure_interrupts  
0     003d9273  _mcb_pmsm_hall_offset_f28069m_initialize            
0     003d926e  _mcb_pmsm_hall_offset_f28069m_step                  
0     003d9481  _mcb_pmsm_hall_offset_f28069m_terminate             
0     003d94b0  _mcb_pmsm_hall_offset_f28069m_unconfigure_interrupts
1     0000e004  _mcb_pmsm_hall_offset_f280_DWork                    
0     003da4d6  _mcb_pmsm_hall_offset_f28_ConstP                    
0     003d91dc  _mcb_pmsm_hall_offset_f2_Output0                    
0     003d91d6  _mcb_pmsm_hall_offset_f2_Output1                    
0     003da440  _memcpy                                             
0     003da4c9  _memset                                             
0     003da1aa  _restoreTimer0Interrupt                             
0     003d9851  _rsvd_ISR                                           
0     003da249  _rtGetInf                                           
0     003da262  _rtGetInfF                                          
0     003da26b  _rtGetMinusInf                                      
0     003da284  _rtGetMinusInfF                                     
0     003da35a  _rtGetNaN                                           
0     003da373  _rtGetNaNF                                          
1     0000e1b4  _rtInf                                              
1     0000e1ba  _rtInfF                                             
0     003d9e80  _rtIsInf                                            
0     003d9e98  _rtIsInfF                                           
0     003d9eb0  _rtIsNaN                                            
0     003d9ed3  _rtIsNaNF                                           
1     0000e1b6  _rtMinusInf                                         
1     0000e1bc  _rtMinusInfF                                        
1     0000e1b8  _rtNaN                                              
1     0000e1be  _rtNaNF                                             
0     003d9e58  _rt_InitInfAndNaN                                   
0     003d9f60  _rt_OneStep                                         
1     0000e1cd  _runModel                                           
0     003d9ad5  _scia_rcv                                           
0     003d9b55  _scia_rcv_varsize                                   
0     003d9a92  _scia_xmit                                          
0     003da2f5  _sin                                                
0     003da294  _sinf                                               
0     003da41f  _sqrt                                               
0     003da29b  _sqrtf                                              
1     0000e1cc  _stopRequested                                      
0     003d9188  _uLong2MultiWord                                    
0     003d90f1  _uMultiWord2uLongSat                                
0     003d90fe  _uMultiWord2uMultiWordSat                           
abs   ffffffff  binit                                               
0     003dadb4  cinit                                               
0     003f7ff6  code_start                                          
1     0000e000  edata                                               
1     0000e000  end                                                 
0     003da4d5  etext                                               
abs   ffffffff  pinit                                               


GLOBAL SYMBOLS: SORTED BY Symbol Address 

page  address   name                                                
----  -------   ----                                                
0     00008000  _InitFlash                                          
0     00008000  _RamfuncsRunStart                                   
0     0000801b  _DSP28x_usDelay                                     
0     003d8000  _RamfuncsLoadStart                                  
0     003d801f  .text                                               
0     003d801f  _ADCINT1                                            
0     003d801f  _RamfuncsLoadEnd                                    
0     003d801f  ___text__                                           
0     003d8746  _ECAP1_INT                                          
0     003d8832  _ECAP2_INT                                          
0     003d8920  _ECAP3_INT                                          
0     003d8a0e  _SCIRXINTA                                          
0     003d8a90  _HWI_TIC28x_ConfigureIRQ                            
0     003d8aa2  _HWI_TIC28x_EnableIRQ                               
0     003d8cdb  _HWI_TIC28x_DisableIRQ                              
0     003d8f2b  _HWI_TIC28x_EnablePendingIRQ                        
0     003d90d4  _HWI_TIC28x_AcknowledgeIrq                          
0     003d90f1  _uMultiWord2uLongSat                                
0     003d90fe  _uMultiWord2uMultiWordSat                           
0     003d9153  _MultiWordAdd                                       
0     003d9188  _uLong2MultiWord                                    
0     003d919f  _mcb_pmsm_hall_offs_HallValueof1                    
0     003d91a9  _mcb_pmsm_hall_offs_HallValueof2                    
0     003d91b3  _mcb_pmsm_hall_offs_HallValueof3                    
0     003d91bb  _mcb_pmsm_hall_offs_HallValueof4                    
0     003d91c5  _mcb_pmsm_hall_offs_HallValueof5                    
0     003d91cf  _mcb_pmsm_hall_offs_HallValueof7                    
0     003d91d6  _mcb_pmsm_hall_offset_f2_Output1                    
0     003d91dc  _mcb_pmsm_hall_offset_f2_Output0                    
0     003d91e1  _mcb_pmsm_hall_o_ValidHalls_Init                    
0     003d91ec  _mcb_pmsm_hall_offset_ValidHalls                    
0     003d9261  _Badhallglitchorwrongconnection                     
0     003d926e  _mcb_pmsm_hall_offset_f28069m_step                  
0     003d9273  _mcb_pmsm_hall_offset_f28069m_initialize            
0     003d9481  _mcb_pmsm_hall_offset_f28069m_terminate             
0     003d9482  _mcb_pmsm_hall_offset_f28069m_configure_interrupts  
0     003d94b0  _mcb_pmsm_hall_offset_f28069m_unconfigure_interrupts
0     003d94c0  _INT13_ISR                                          
0     003d94ca  _INT14_ISR                                          
0     003d94d4  _DATALOG_ISR                                        
0     003d94de  _RTOSINT_ISR                                        
0     003d94e8  _EMUINT_ISR                                         
0     003d94f2  _NMI_ISR                                            
0     003d94fc  _ILLEGAL_ISR                                        
0     003d9506  _USER1_ISR                                          
0     003d9510  _USER2_ISR                                          
0     003d951a  _USER3_ISR                                          
0     003d9524  _USER4_ISR                                          
0     003d952e  _USER5_ISR                                          
0     003d9538  _USER6_ISR                                          
0     003d9542  _USER7_ISR                                          
0     003d954c  _USER8_ISR                                          
0     003d9556  _USER9_ISR                                          
0     003d9560  _USER10_ISR                                         
0     003d956a  _USER11_ISR                                         
0     003d9574  _USER12_ISR                                         
0     003d957e  _ADCINT1_ISR                                        
0     003d9588  _ADCINT2_ISR                                        
0     003d9592  _XINT1_ISR                                          
0     003d959c  _XINT2_ISR                                          
0     003d95a6  _ADCINT9_ISR                                        
0     003d95b0  _TINT0_ISR                                          
0     003d95ba  _WAKEINT_ISR                                        
0     003d95c4  _EPWM1_TZINT_ISR                                    
0     003d95ce  _EPWM2_TZINT_ISR                                    
0     003d95d8  _EPWM3_TZINT_ISR                                    
0     003d95e2  _EPWM4_TZINT_ISR                                    
0     003d95ec  _EPWM5_TZINT_ISR                                    
0     003d95f6  _EPWM6_TZINT_ISR                                    
0     003d9600  _EPWM7_TZINT_ISR                                    
0     003d960a  _EPWM8_TZINT_ISR                                    
0     003d9614  _EPWM1_INT_ISR                                      
0     003d961e  _EPWM2_INT_ISR                                      
0     003d9628  _EPWM3_INT_ISR                                      
0     003d9632  _EPWM4_INT_ISR                                      
0     003d963c  _EPWM5_INT_ISR                                      
0     003d9646  _EPWM6_INT_ISR                                      
0     003d9650  _EPWM7_INT_ISR                                      
0     003d965a  _EPWM8_INT_ISR                                      
0     003d9664  _ECAP1_INT_ISR                                      
0     003d966e  _ECAP2_INT_ISR                                      
0     003d9678  _ECAP3_INT_ISR                                      
0     003d9682  _HRCAP1_INT_ISR                                     
0     003d968c  _HRCAP2_INT_ISR                                     
0     003d9696  _EQEP1_INT_ISR                                      
0     003d96a0  _EQEP2_INT_ISR                                      
0     003d96aa  _HRCAP3_INT_ISR                                     
0     003d96b4  _HRCAP4_INT_ISR                                     
0     003d96be  _USB0_INT_ISR                                       
0     003d96c8  _SPIRXINTA_ISR                                      
0     003d96d2  _SPITXINTA_ISR                                      
0     003d96dc  _SPIRXINTB_ISR                                      
0     003d96e6  _SPITXINTB_ISR                                      
0     003d96f0  _MRINTA_ISR                                         
0     003d96fa  _MXINTA_ISR                                         
0     003d9704  _DINTCH1_ISR                                        
0     003d970e  _DINTCH2_ISR                                        
0     003d9718  _DINTCH3_ISR                                        
0     003d9722  _DINTCH4_ISR                                        
0     003d972c  _DINTCH5_ISR                                        
0     003d9736  _DINTCH6_ISR                                        
0     003d9740  _I2CINT1A_ISR                                       
0     003d974a  _I2CINT2A_ISR                                       
0     003d9754  _SCIRXINTA_ISR                                      
0     003d975e  _SCITXINTA_ISR                                      
0     003d9768  _SCIRXINTB_ISR                                      
0     003d9772  _SCITXINTB_ISR                                      
0     003d977c  _ECAN0INTA_ISR                                      
0     003d9786  _ECAN1INTA_ISR                                      
0     003d9790  _ADCINT3_ISR                                        
0     003d979a  _ADCINT4_ISR                                        
0     003d97a4  _ADCINT5_ISR                                        
0     003d97ae  _ADCINT6_ISR                                        
0     003d97b8  _ADCINT7_ISR                                        
0     003d97c2  _ADCINT8_ISR                                        
0     003d97cc  _CLA1_INT1_ISR                                      
0     003d97d6  _CLA1_INT2_ISR                                      
0     003d97e0  _CLA1_INT3_ISR                                      
0     003d97ea  _CLA1_INT4_ISR                                      
0     003d97f4  _CLA1_INT5_ISR                                      
0     003d97fe  _CLA1_INT6_ISR                                      
0     003d9808  _CLA1_INT7_ISR                                      
0     003d9812  _CLA1_INT8_ISR                                      
0     003d981c  _XINT3_ISR                                          
0     003d9826  _LVF_ISR                                            
0     003d9830  _LUF_ISR                                            
0     003d983a  _EMPTY_ISR                                          
0     003d9847  _PIE_RESERVED                                       
0     003d9851  _rsvd_ISR                                           
0     003d985b  _InitAdc                                            
0     003d9884  _InitAdcAio                                         
0     003d98a6  _AdcOffsetSelfCal                                   
0     003d98cd  _AdcChanSelect                                      
0     003d9942  _AdcConversion                                      
0     003d9a92  _scia_xmit                                          
0     003d9ad5  _scia_rcv                                           
0     003d9b55  _scia_rcv_varsize                                   
0     003d9c1e  _init_SCIFrame                                      
0     003d9c26  _InitSysCtrl                                        
0     003d9c40  _ServiceDog                                         
0     003d9c4a  _DisableDog                                         
0     003d9c52  _InitPll                                            
0     003d9ca6  _InitPll2                                           
0     003d9cd4  _InitPeripheralClocks                               
0     003d9d2a  _CsmUnlock                                          
0     003d9d5b  _IntOsc1Sel                                         
0     003d9d6b  _IntOsc2Sel                                         
0     003d9d7f  _XtalOscSel                                         
0     003d9d9a  _ExtOscSel                                          
0     003d9db0  _init_CAP_GPIO                                      
0     003d9dc8  _init_CAP1                                          
0     003d9df8  _init_CAP2                                          
0     003d9e28  _init_CAP3                                          
0     003d9e58  _rt_InitInfAndNaN                                   
0     003d9e80  _rtIsInf                                            
0     003d9e98  _rtIsInfF                                           
0     003d9eb0  _rtIsNaN                                            
0     003d9ed3  _rtIsNaNF                                           
0     003d9eea  _InitCpuTimers                                      
0     003d9f25  _ConfigCpuTimer                                     
0     003d9f60  _rt_OneStep                                         
0     003d9f74  _main                                               
0     003d9fc5  _floor                                              
0     003d9fc5  _floorf                                             
0     003da01e  _c_int00                                            
0     003da074  _disableWatchdog                                    
0     003da07f  _init_SCI                                           
0     003da0b4  _init_SCI_GPIO                                      
0     003da0c8  _init_board                                         
0     003da118  _atan2                                              
0     003da167  _configureTimer0                                    
0     003da18c  _enableTimer0Interrupt                              
0     003da194  _disableTimer0Interrupt                             
0     003da1aa  _restoreTimer0Interrupt                             
0     003da1b5  _TINT0_isr                                          
0     003da1ff  _atan                                               
0     003da249  _rtGetInf                                           
0     003da262  _rtGetInfF                                          
0     003da26b  _rtGetMinusInf                                      
0     003da284  _rtGetMinusInfF                                     
0     003da28d  _cosf                                               
0     003da294  _sinf                                               
0     003da29b  _sqrtf                                              
0     003da2a2  _atanf                                              
0     003da2a9  _atan2f                                             
0     003da2b2  _c2000_flash_init                                   
0     003da2c1  _cos                                                
0     003da2f5  _sin                                                
0     003da329  _config_ADC_SOC0_SOC1                               
0     003da35a  _rtGetNaN                                           
0     003da373  _rtGetNaNF                                          
0     003da384  C$$EXIT                                             
0     003da384  _abort                                              
0     003da386  _exit                                               
0     003da3ad  _InitPieCtrl                                        
0     003da3cc  _EnableInterrupts                                   
0     003da3d5  _InitPieVectTable                                   
0     003da3fb  _copy_in                                            
0     003da41f  _sqrt                                               
0     003da440  _memcpy                                             
0     003da45d  _config_ePWM_GPIO                                   
0     003da470  _config_ePWM_TBSync                                 
0     003da478  _config_ePWMSyncSource                              
0     003da479  FS$$DIV                                             
0     003da492  _globalInterruptEnable                              
0     003da49e  _globalInterruptDisable                             
0     003da4a6  __args_main                                         
0     003da4b8  __register_unlock                                   
0     003da4bc  __register_lock                                     
0     003da4c0  __nop                                               
0     003da4c9  _memset                                             
0     003da4d0  _bootloaderBackgroundTask                           
0     003da4d1  _bootloaderInit                                     
0     003da4d2  __system_pre_init                                   
0     003da4d4  __system_post_cinit                                 
0     003da4d5  ___etext__                                          
0     003da4d5  etext                                               
0     003da4d6  _mcb_pmsm_hall_offset_f28_ConstP                    
0     003dacaa  _PieVectTableInit                                   
0     003dadb0  _mcb_pmsm_hall_offset_f28069m_M                     
0     003dadb4  ___cinit__                                          
0     003dadb4  cinit                                               
0     003f7ff6  code_start                                          
0     003fd590  _FPUsinTable                                        
0     003fd690  _FPUcosTable                                        
0     003fd990  _FPUsinTableEnd                                     
0     003fda92  _FPUatan2HalfPITable                                
0     003fda92  _FPUcosTableEnd                                     
0     003fda96  _FPUatan2Table                                      
0     003fdc1c  _FPUatan2TableEnd                                   
1     00000002  __stack                                             
1     00000042  __STACK_END                                         
1     00000880  _DevEmuRegs                                         
1     00000985  _SysPwrCtrlRegs                                     
1     00000a80  _FlashRegs                                          
1     00000ae0  _CsmRegs                                            
1     00000b00  _AdcResult                                          
1     00000c00  _CpuTimer0Regs                                      
1     00000c08  _CpuTimer1Regs                                      
1     00000c10  _CpuTimer2Regs                                      
1     00000ce0  _PieCtrlRegs                                        
1     00000d00  _EmuKey                                             
1     00000d00  _PieVectTable                                       
1     00000d01  _EmuBMode                                           
1     00000d02  _Flash_CallbackPtr                                  
1     00000d04  _Flash_CPUScaleFactor                               
1     00001000  _DmaRegs                                            
1     00001400  _Cla1Regs                                           
1     00004000  _Usb0Regs                                           
1     00005000  _McbspaRegs                                         
1     00006000  _ECanaRegs                                          
1     00006040  _ECanaLAMRegs                                       
1     00006080  _ECanaMOTSRegs                                      
1     000060c0  _ECanaMOTORegs                                      
1     00006100  _ECanaMboxes                                        
1     00006400  _Comp1Regs                                          
1     00006420  _Comp2Regs                                          
1     00006440  _Comp3Regs                                          
1     00006800  _EPwm1Regs                                          
1     00006840  _EPwm2Regs                                          
1     00006880  _EPwm3Regs                                          
1     000068c0  _EPwm4Regs                                          
1     00006900  _EPwm5Regs                                          
1     00006940  _EPwm6Regs                                          
1     00006980  _EPwm7Regs                                          
1     000069c0  _EPwm8Regs                                          
1     00006a00  _ECap1Regs                                          
1     00006a20  _ECap2Regs                                          
1     00006a40  _ECap3Regs                                          
1     00006ac0  _HRCap1Regs                                         
1     00006ae0  _HRCap2Regs                                         
1     00006b00  _EQep1Regs                                          
1     00006b40  _EQep2Regs                                          
1     00006c80  _HRCap3Regs                                         
1     00006ca0  _HRCap4Regs                                         
1     00006f80  _GpioCtrlRegs                                       
1     00006fc0  _GpioDataRegs                                       
1     00006fe0  _GpioIntRegs                                        
1     00007010  _SysCtrlRegs                                        
1     00007040  _SpiaRegs                                           
1     00007050  _SciaRegs                                           
1     00007060  _NmiIntruptRegs                                     
1     00007070  _XIntruptRegs                                       
1     00007100  _AdcRegs                                            
1     00007740  _SpibRegs                                           
1     00007750  _ScibRegs                                           
1     00007900  _I2caRegs                                           
1     0000e000  .bss                                                
1     0000e000  .data                                               
1     0000e000  _MW_adcInitFlag                                     
1     0000e000  ___bss__                                            
1     0000e000  ___data__                                           
1     0000e000  ___edata__                                          
1     0000e000  ___end__                                            
1     0000e000  edata                                               
1     0000e000  end                                                 
1     0000e004  _mcb_pmsm_hall_offset_f280_DWork                    
1     0000e040  _mcb_pmsm_hall_offset_f28069m_B                     
1     0000e19c  _CpuTimer0                                          
1     0000e1a4  _CpuTimer1                                          
1     0000e1ac  _CpuTimer2                                          
1     0000e1b4  _rtInf                                              
1     0000e1b6  _rtMinusInf                                         
1     0000e1b8  _rtNaN                                              
1     0000e1ba  _rtInfF                                             
1     0000e1bc  _rtMinusInfF                                        
1     0000e1be  _rtNaNF                                             
1     0000e1c0  ___TI_enable_exit_profile_output                    
1     0000e1c2  ___TI_cleanup_ptr                                   
1     0000e1c4  ___TI_dtors_ptr                                     
1     0000e1c6  _checkSCITransmitInProgressA                        
1     0000e1c7  _frameA1Transmitted                                 
1     0000e1c8  _frameA1Count                                       
1     0000e1ca  _IsrOverrun                                         
1     0000e1cc  _stopRequested                                      
1     0000e1cd  _runModel                                           
1     0000e1ce  __lock                                              
1     0000e1d0  __unlock                                            
1     0000e1d2  _GPIO_oneTimeInit                                   
1     0000e1d3  _MW_InterruptDisableLock                            
1     003d7e80  _PartIdRegs                                         
1     003f7ff8  _CsmPwl                                             
abs   00000040  __STACK_SIZE                                        
abs   ffffffff  ___TI_pprof_out_hndl                                
abs   ffffffff  ___TI_prof_data_size                                
abs   ffffffff  ___TI_prof_data_start                               
abs   ffffffff  ___binit__                                          
abs   ffffffff  ___c_args__                                         
abs   ffffffff  ___pinit__                                          
abs   ffffffff  binit                                               
abs   ffffffff  pinit                                               

[331 symbols]
