Component: Arm Compiler for Embedded 6.24 Tool: armlink [5f371500]

==============================================================================

Section Cross References

    startup_stm32f407xx.o(RESET) refers to startup_stm32f407xx.o(STACK) for __initial_sp
    startup_stm32f407xx.o(RESET) refers to startup_stm32f407xx.o(.text) for Reset_Handler
    startup_stm32f407xx.o(RESET) refers to stm32f4xx_mc_it.o(.text.HardFault_Handler) for HardFault_Handler
    startup_stm32f407xx.o(RESET) refers to stm32f4xx_mc_it.o(.text.SysTick_Handler) for SysTick_Handler
    startup_stm32f407xx.o(RESET) refers to stm32f4xx_mc_it.o(.text.EXTI4_IRQHandler) for EXTI4_IRQHandler
    startup_stm32f407xx.o(RESET) refers to stm32f4xx_mc_it.o(.text.ADC_IRQHandler) for ADC_IRQHandler
    startup_stm32f407xx.o(RESET) refers to stm32f4xx_mc_it.o(.text.TIM1_BRK_TIM9_IRQHandler) for TIM1_BRK_TIM9_IRQHandler
    startup_stm32f407xx.o(RESET) refers to stm32f4xx_mc_it.o(.text.TIM1_UP_TIM10_IRQHandler) for TIM1_UP_TIM10_IRQHandler
    startup_stm32f407xx.o(RESET) refers to stm32f4xx_mc_it.o(.text.USART1_IRQHandler) for USART1_IRQHandler
    startup_stm32f407xx.o(RESET) refers to stm32f4xx_mc_it.o(.text.TIM5_IRQHandler) for TIM5_IRQHandler
    startup_stm32f407xx.o(.text) refers to system_stm32f4xx.o(.text.SystemInit) for SystemInit
    startup_stm32f407xx.o(.text) refers to entry.o(.ARM.Collect$$$$00000000) for __main
    main.o(.text.main) refers to stm32f4xx_hal.o(.text.HAL_Init) for HAL_Init
    main.o(.text.main) refers to main.o(.text.SystemClock_Config) for SystemClock_Config
    main.o(.text.main) refers to stm32f4xx_hal_gpio.o(.text.HAL_GPIO_WritePin) for HAL_GPIO_WritePin
    main.o(.text.main) refers to stm32f4xx_hal_gpio.o(.text.HAL_GPIO_Init) for HAL_GPIO_Init
    main.o(.text.main) refers to main.o(.bss.hadc1) for hadc1
    main.o(.text.main) refers to stm32f4xx_hal_adc.o(.text.HAL_ADC_Init) for HAL_ADC_Init
    main.o(.text.main) refers to stm32f4xx_hal_adc_ex.o(.text.HAL_ADCEx_InjectedConfigChannel) for HAL_ADCEx_InjectedConfigChannel
    main.o(.text.main) refers to stm32f4xx_hal_adc.o(.text.HAL_ADC_ConfigChannel) for HAL_ADC_ConfigChannel
    main.o(.text.main) refers to main.o(.bss.hadc2) for hadc2
    main.o(.text.main) refers to main.o(.bss..L_MergedGlobals) for .L_MergedGlobals
    main.o(.text.main) refers to stm32f4xx_hal_dac.o(.text.HAL_DAC_Init) for HAL_DAC_Init
    main.o(.text.main) refers to stm32f4xx_hal_dac.o(.text.HAL_DAC_ConfigChannel) for HAL_DAC_ConfigChannel
    main.o(.text.main) refers to stm32f4xx_hal_tim.o(.text.HAL_TIM_Base_Init) for HAL_TIM_Base_Init
    main.o(.text.main) refers to stm32f4xx_hal_tim.o(.text.HAL_TIM_PWM_Init) for HAL_TIM_PWM_Init
    main.o(.text.main) refers to stm32f4xx_hal_tim.o(.text.HAL_TIM_SlaveConfigSynchro) for HAL_TIM_SlaveConfigSynchro
    main.o(.text.main) refers to stm32f4xx_hal_tim_ex.o(.text.HAL_TIMEx_MasterConfigSynchronization) for HAL_TIMEx_MasterConfigSynchronization
    main.o(.text.main) refers to stm32f4xx_hal_tim.o(.text.HAL_TIM_PWM_ConfigChannel) for HAL_TIM_PWM_ConfigChannel
    main.o(.text.main) refers to stm32f4xx_hal_tim_ex.o(.text.HAL_TIMEx_ConfigBreakDeadTime) for HAL_TIMEx_ConfigBreakDeadTime
    main.o(.text.main) refers to stm32f4xx_hal_msp.o(.text.HAL_TIM_MspPostInit) for HAL_TIM_MspPostInit
    main.o(.text.main) refers to main.o(.bss.htim5) for htim5
    main.o(.text.main) refers to stm32f4xx_hal_tim.o(.text.HAL_TIM_ConfigClockSource) for HAL_TIM_ConfigClockSource
    main.o(.text.main) refers to stm32f4xx_hal_tim_ex.o(.text.HAL_TIMEx_HallSensor_Init) for HAL_TIMEx_HallSensor_Init
    main.o(.text.main) refers to main.o(.bss.huart1) for huart1
    main.o(.text.main) refers to stm32f4xx_hal_uart.o(.text.HAL_UART_Init) for HAL_UART_Init
    main.o(.text.main) refers to motorcontrol.o(.text.MX_MotorControl_Init) for MX_MotorControl_Init
    main.o(.text.main) refers to stm32f4xx_hal_cortex.o(.text.HAL_NVIC_SetPriority) for HAL_NVIC_SetPriority
    main.o(.text.main) refers to stm32f4xx_hal_cortex.o(.text.HAL_NVIC_EnableIRQ) for HAL_NVIC_EnableIRQ
    main.o(.ARM.exidx.text.main) refers to main.o(.text.main) for [Anonymous Symbol]
    main.o(.text.SystemClock_Config) refers to memseta.o(.text) for __aeabi_memclr4
    main.o(.text.SystemClock_Config) refers to stm32f4xx_hal_rcc.o(.text.HAL_RCC_OscConfig) for HAL_RCC_OscConfig
    main.o(.text.SystemClock_Config) refers to stm32f4xx_hal_rcc.o(.text.HAL_RCC_ClockConfig) for HAL_RCC_ClockConfig
    main.o(.text.SystemClock_Config) refers to stm32f4xx_hal_rcc.o(.text.HAL_RCC_EnableCSS) for HAL_RCC_EnableCSS
    main.o(.ARM.exidx.text.SystemClock_Config) refers to main.o(.text.SystemClock_Config) for [Anonymous Symbol]
    main.o(.ARM.exidx.text.Error_Handler) refers to main.o(.text.Error_Handler) for [Anonymous Symbol]
    motorcontrol.o(.text.MX_MotorControl_Init) refers to stm32f4xx_hal_rcc.o(.text.HAL_RCC_GetHCLKFreq) for HAL_RCC_GetHCLKFreq
[...]
    _main_init                               0x08000191   Thumb Code     0  entry9a.o(.ARM.Collect$$$$0000000B)
    __rt_final_cpp                           0x08000199   Thumb Code     0  entry10a.o(.ARM.Collect$$$$0000000D)
    __rt_final_exit                          0x08000199   Thumb Code     0  entry11a.o(.ARM.Collect$$$$0000000F)
    Reset_Handler                            0x0800019d   Thumb Code     8  startup_stm32f407xx.o(.text)
    NMI_Handler                              0x080001a5   Thumb Code     2  startup_stm32f407xx.o(.text)
    MemManage_Handler                        0x080001a9   Thumb Code     2  startup_stm32f407xx.o(.text)
    BusFault_Handler                         0x080001ab   Thumb Code     2  startup_stm32f407xx.o(.text)
    UsageFault_Handler                       0x080001ad   Thumb Code     2  startup_stm32f407xx.o(.text)
    SVC_Handler                              0x080001af   Thumb Code     2  startup_stm32f407xx.o(.text)
    DebugMon_Handler                         0x080001b1   Thumb Code     2  startup_stm32f407xx.o(.text)
    PendSV_Handler                           0x080001b3   Thumb Code     2  startup_stm32f407xx.o(.text)
    CAN1_RX0_IRQHandler                      0x080001b7   Thumb Code     0  startup_stm32f407xx.o(.text)
    CAN1_RX1_IRQHandler                      0x080001b7   Thumb Code     0  startup_stm32f407xx.o(.text)
    CAN1_SCE_IRQHandler                      0x080001b7   Thumb Code     0  startup_stm32f407xx.o(.text)
    CAN1_TX_IRQHandler                       0x080001b7   Thumb Code     0  startup_stm32f407xx.o(.text)
    CAN2_RX0_IRQHandler                      0x080001b7   Thumb Code     0  startup_stm32f407xx.o(.text)
    CAN2_RX1_IRQHandler                      0x080001b7   Thumb Code     0  startup_stm32f407xx.o(.text)
    CAN2_SCE_IRQHandler                      0x080001b7   Thumb Code     0  startup_stm32f407xx.o(.text)
    CAN2_TX_IRQHandler                       0x080001b7   Thumb Code     0  startup_stm32f407xx.o(.text)
    DCMI_IRQHandler                          0x080001b7   Thumb Code     0  startup_stm32f407xx.o(.text)
    DMA1_Stream0_IRQHandler                  0x080001b7   Thumb Code     0  startup_stm32f407xx.o(.text)
    DMA1_Stream1_IRQHandler                  0x080001b7   Thumb Code     0  startup_stm32f407xx.o(.text)
    DMA1_Stream2_IRQHandler                  0x080001b7   Thumb Code     0  startup_stm32f407xx.o(.text)
    DMA1_Stream3_IRQHandler                  0x080001b7   Thumb Code     0  startup_stm32f407xx.o(.text)
    DMA1_Stream4_IRQHandler                  0x080001b7   Thumb Code     0  startup_stm32f407xx.o(.text)
    DMA1_Stream5_IRQHandler                  0x080001b7   Thumb Code     0  startup_stm32f407xx.o(.text)
    DMA1_Stream6_IRQHandler                  0x080001b7   Thumb Code     0  startup_stm32f407xx.o(.text)
    DMA1_Stream7_IRQHandler                  0x080001b7   Thumb Code     0  startup_stm32f407xx.o(.text)
    DMA2_Stream0_IRQHandler                  0x080001b7   Thumb Code     0  startup_stm32f407xx.o(.text)
    DMA2_Stream1_IRQHandler                  0x080001b7   Thumb Code     0  startup_stm32f407xx.o(.text)
    DMA2_Stream2_IRQHandler                  0x080001b7   Thumb Code     0  startup_stm32f407xx.o(.text)
    DMA2_Stream3_IRQHandler                  0x080001b7   Thumb Code     0  startup_stm32f407xx.o(.text)
    DMA2_Stream4_IRQHandler                  0x080001b7   Thumb Code     0  startup_stm32f407xx.o(.text)
    DMA2_Stream5_IRQHandler                  0x080001b7   Thumb Code     0  startup_stm32f407xx.o(.text)
    DMA2_Stream6_IRQHandler                  0x080001b7   Thumb Code     0  startup_stm32f407xx.o(.text)
    DMA2_Stream7_IRQHandler                  0x080001b7   Thumb Code     0  startup_stm32f407xx.o(.text)
    ETH_IRQHandler                           0x080001b7   Thumb Code     0  startup_stm32f407xx.o(.text)
    ETH_WKUP_IRQHandler                      0x080001b7   Thumb Code     0  startup_stm32f407xx.o(.text)
    EXTI0_IRQHandler                         0x080001b7   Thumb Code     0  startup_stm32f407xx.o(.text)
    EXTI15_10_IRQHandler                     0x080001b7   Thumb Code     0  startup_stm32f407xx.o(.text)
    EXTI1_IRQHandler                         0x080001b7   Thumb Code     0  startup_stm32f407xx.o(.text)
    EXTI2_IRQHandler                         0x080001b7   Thumb Code     0  startup_stm32f407xx.o(.text)
    EXTI3_IRQHandler                         0x080001b7   Thumb Code     0  startup_stm32f407xx.o(.text)
    EXTI9_5_IRQHandler                       0x080001b7   Thumb Code     0  startup_stm32f407xx.o(.text)
    FLASH_IRQHandler                         0x080001b7   Thumb Code     0  startup_stm32f407xx.o(.text)
    FMC_IRQHandler                           0x080001b7   Thumb Code     0  startup_stm32f407xx.o(.text)
    FPU_IRQHandler                           0x080001b7   Thumb Code     0  startup_stm32f407xx.o(.text)
    HASH_RNG_IRQHandler                      0x080001b7   Thumb Code     0  startup_stm32f407xx.o(.text)
    I2C1_ER_IRQHandler                       0x080001b7   Thumb Code     0  startup_stm32f407xx.o(.text)
    I2C1_EV_IRQHandler                       0x080001b7   Thumb Code     0  startup_stm32f407xx.o(.text)
    I2C2_ER_IRQHandler                       0x080001b7   Thumb Code     0  startup_stm32f407xx.o(.text)
    I2C2_EV_IRQHandler                       0x080001b7   Thumb Code     0  startup_stm32f407xx.o(.text)
    I2C3_ER_IRQHandler                       0x080001b7   Thumb Code     0  startup_stm32f407xx.o(.text)
    I2C3_EV_IRQHandler                       0x080001b7   Thumb Code     0  startup_stm32f407xx.o(.text)
    OTG_FS_IRQHandler                        0x080001b7   Thumb Code     0  startup_stm32f407xx.o(.text)
    OTG_FS_WKUP_IRQHandler                   0x080001b7   Thumb Code     0  startup_stm32f407xx.o(.text)
    OTG_HS_EP1_IN_IRQHandler                 0x080001b7   Thumb Code     0  startup_stm32f407xx.o(.text)
    OTG_HS_EP1_OUT_IRQHandler                0x080001b7   Thumb Code     0  startup_stm32f407xx.o(.text)
    OTG_HS_IRQHandler                        0x080001b7   Thumb Code     0  startup_stm32f407xx.o(.text)
    OTG_HS_WKUP_IRQHandler                   0x080001b7   Thumb Code     0  startup_stm32f407xx.o(.text)
    PVD_IRQHandler                           0x080001b7   Thumb Code     0  startup_stm32f407xx.o(.text)
    RCC_IRQHandler                           0x080001b7   Thumb Code     0  startup_stm32f407xx.o(.text)
    RTC_Alarm_IRQHandler                     0x080001b7   Thumb Code     0  startup_stm32f407xx.o(.text)
    RTC_WKUP_IRQHandler                      0x080001b7   Thumb Code     0  startup_stm32f407xx.o(.text)
    SDIO_IRQHandler                          0x080001b7   Thumb Code     0  startup_stm32f407xx.o(.text)
    SPI1_IRQHandler                          0x080001b7   Thumb Code     0  startup_stm32f407xx.o(.text)
    SPI2_IRQHandler                          0x080001b7   Thumb Code     0  startup_stm32f407xx.o(.text)
    SPI3_IRQHandler                          0x080001b7   Thumb Code     0  startup_stm32f407xx.o(.text)
    TAMP_STAMP_IRQHandler                    0x080001b7   Thumb Code     0  startup_stm32f407xx.o(.text)
    TIM1_CC_IRQHandler                       0x080001b7   Thumb Code     0  startup_stm32f407xx.o(.text)
    TIM1_TRG_COM_TIM11_IRQHandler            0x080001b7   Thumb Code     0  startup_stm32f407xx.o(.text)
    TIM2_IRQHandler                          0x080001b7   Thumb Code     0  startup_stm32f407xx.o(.text)
    TIM3_IRQHandler                          0x080001b7   Thumb Code     0  startup_stm32f407xx.o(.text)
    TIM4_IRQHandler                          0x080001b7   Thumb Code     0  startup_stm32f407xx.o(.text)
    TIM6_DAC_IRQHandler                      0x080001b7   Thumb Code     0  startup_stm32f407xx.o(.text)
    TIM7_IRQHandler                          0x080001b7   Thumb Code     0  startup_stm32f407xx.o(.text)
    TIM8_BRK_TIM12_IRQHandler                0x080001b7   Thumb Code     0  startup_stm32f407xx.o(.text)
    TIM8_CC_IRQHandler                       0x080001b7   Thumb Code     0  startup_stm32f407xx.o(.text)
    TIM8_TRG_COM_TIM14_IRQHandler            0x080001b7   Thumb Code     0  startup_stm32f407xx.o(.text)
    TIM8_UP_TIM13_IRQHandler                 0x080001b7   Thumb Code     0  startup_stm32f407xx.o(.text)
    UART4_IRQHandler                         0x080001b7   Thumb Code     0  startup_stm32f407xx.o(.text)
    UART5_IRQHandler                         0x080001b7   Thumb Code     0  startup_stm32f407xx.o(.text)
    USART2_IRQHandler                        0x080001b7   Thumb Code     0  startup_stm32f407xx.o(.text)
    USART3_IRQHandler                        0x080001b7   Thumb Code     0  startup_stm32f407xx.o(.text)
    USART6_IRQHandler                        0x080001b7   Thumb Code     0  startup_stm32f407xx.o(.text)
    WWDG_IRQHandler                          0x080001b7   Thumb Code     0  startup_stm32f407xx.o(.text)
    __aeabi_uldivmod                         0x080001c1   Thumb Code    98  uldiv.o(.text)
    __aeabi_memset                           0x08000223   Thumb Code    14  memseta.o(.text)
    __aeabi_memset4                          0x08000223   Thumb Code     0  memseta.o(.text)
    __aeabi_memset8                          0x08000223   Thumb Code     0  memseta.o(.text)
    __aeabi_memclr                           0x08000231   Thumb Code     4  memseta.o(.text)
    __aeabi_memclr4                          0x08000231   Thumb Code     0  memseta.o(.text)
    __aeabi_memclr8                          0x08000231   Thumb Code     0  memseta.o(.text)
    _memset$wrapper                          0x08000235   Thumb Code    18  memseta.o(.text)
    __aeabi_llsl                             0x08000247   Thumb Code    30  llshl.o(.text)
    _ll_shift_l                              0x08000247   Thumb Code     0  llshl.o(.text)
    __aeabi_llsr                             0x08000265   Thumb Code    32  llushr.o(.text)
    _ll_ushift_r                             0x08000265   Thumb Code     0  llushr.o(.text)
    __scatterload                            0x08000285   Thumb Code    38  init.o(.text)
    __scatterload_rt2                        0x08000285   Thumb Code     0  init.o(.text)
    __decompress                             0x080002b5   Thumb Code     0  __dczerorl2.o(.text)
    __decompress1                            0x080002b5   Thumb Code    86  __dczerorl2.o(.text)
    ADC_IRQHandler                           0x0800030d   Thumb Code    40  stm32f4xx_mc_it.o(.text.ADC_IRQHandler)
    Circle_Limitation                        0x08000335   Thumb Code    76  circle_limitation.o(.text.Circle_Limitation)
    DAC_Exec                                 0x08000381   Thumb Code    86  dac_ui.o(.text.DAC_Exec)
    DAC_GetChannelConfig                     0x080003d9   Thumb Code     8  dac_common_ui.o(.text.DAC_GetChannelConfig)
    DAC_GetUserChannelValue                  0x080003e1   Thumb Code    10  dac_common_ui.o(.text.DAC_GetUserChannelValue)
    DAC_Init                                 0x080003ed   Thumb Code    26  dac_ui.o(.text.DAC_Init)
    DAC_SetChannelConfig                     0x08000409   Thumb Code     8  dac_common_ui.o(.text.DAC_SetChannelConfig)
    DAC_SetUserChannelValue                  0x08000411   Thumb Code     8  dac_common_ui.o(.text.DAC_SetUserChannelValue)
    EXTI4_IRQHandler                         0x08000419   Thumb Code    24  stm32f4xx_mc_it.o(.text.EXTI4_IRQHandler)
    FCP_CalcCRC                              0x08000431   Thumb Code   140  frame_communication_protocol.o(.text.FCP_CalcCRC)
    FCP_Init                                 0x080004bd   Thumb Code    24  frame_communication_protocol.o(.text.FCP_Init)
    FCP_SetClient                            0x080004d5   Thumb Code    14  frame_communication_protocol.o(.text.FCP_SetClient)
    FOC_CalcCurrRef                          0x080004e5   Thumb Code    50  mc_tasks.o(.text.FOC_CalcCurrRef)
    FOC_Clear                                0x08000519   Thumb Code    74  mc_tasks.o(.text.FOC_Clear)
    FOC_InitAdditionalMethods                0x08000565   Thumb Code     2  mc_tasks.o(.text.FOC_InitAdditionalMethods)
    HALL_CalcAvrgMecSpeedUnit                0x08000569   Thumb Code   156  hall_speed_pos_fdbk.o(.text.HALL_CalcAvrgMecSpeedUnit)
    HALL_CalcElAngle                         0x08000605   Thumb Code    54  hall_speed_pos_fdbk.o(.text.HALL_CalcElAngle)
    HALL_Clear                               0x0800063d   Thumb Code    82  hall_speed_pos_fdbk.o(.text.HALL_Clear)
    HALL_Init                                0x08000691   Thumb Code   326  hall_speed_pos_fdbk.o(.text.HALL_Init)
    HALL_TIMx_CC_IRQHandler                  0x080008f5   Thumb Code   700  hall_speed_pos_fdbk.o(.text.HALL_TIMx_CC_IRQHandler)
    HALL_TIMx_UP_IRQHandler                  0x08000bb1   Thumb Code   194  hall_speed_pos_fdbk.o(.text.HALL_TIMx_UP_IRQHandler)
    HAL_ADCEx_InjectedConfigChannel          0x08000c75   Thumb Code   344  stm32f4xx_hal_adc_ex.o(.text.HAL_ADCEx_InjectedConfigChannel)
    HAL_ADC_ConfigChannel                    0x08000dcd   Thumb Code   316  stm32f4xx_hal_adc.o(.text.HAL_ADC_ConfigChannel)
    HAL_ADC_Init                             0x08000f09   Thumb Code   348  stm32f4xx_hal_adc.o(.text.HAL_ADC_Init)
    HAL_ADC_MspInit                          0x08001065   Thumb Code   246  stm32f4xx_hal_msp.o(.text.HAL_ADC_MspInit)
    HAL_DAC_ConfigChannel                    0x0800115d   Thumb Code    78  stm32f4xx_hal_dac.o(.text.HAL_DAC_ConfigChannel)
    HAL_DAC_Init                             0x080011ad   Thumb Code    46  stm32f4xx_hal_dac.o(.text.HAL_DAC_Init)
    HAL_DAC_MspInit                          0x080011dd   Thumb Code   108  stm32f4xx_hal_msp.o(.text.HAL_DAC_MspInit)
    HAL_GPIO_Init                            0x08001249   Thumb Code   470  stm32f4xx_hal_gpio.o(.text.HAL_GPIO_Init)
    HAL_GPIO_WritePin                        0x08001421   Thumb Code    10  stm32f4xx_hal_gpio.o(.text.HAL_GPIO_WritePin)
    HAL_GetTick                              0x0800142d   Thumb Code    12  stm32f4xx_hal.o(.text.HAL_GetTick)
    HAL_IncTick                              0x08001439   Thumb Code    26  stm32f4xx_hal.o(.text.HAL_IncTick)
    HAL_Init                                 0x08001455   Thumb Code    54  stm32f4xx_hal.o(.text.HAL_Init)
    HAL_InitTick                             0x0800148d   Thumb Code    72  stm32f4xx_hal.o(.text.HAL_InitTick)
    HAL_MspInit                              0x080014d5   Thumb Code    60  stm32f4xx_hal_msp.o(.text.HAL_MspInit)
    HAL_NVIC_EnableIRQ                       0x08001511   Thumb Code    34  stm32f4xx_hal_cortex.o(.text.HAL_NVIC_EnableIRQ)
    HAL_NVIC_SetPriority                     0x08001535   Thumb Code    86  stm32f4xx_hal_cortex.o(.text.HAL_NVIC_SetPriority)
    HAL_NVIC_SetPriorityGrouping             0x0800158d   Thumb Code    32  stm32f4xx_hal_cortex.o(.text.HAL_NVIC_SetPriorityGrouping)
    HAL_RCC_ClockConfig                      0x080015ad   Thumb Code   356  stm32f4xx_hal_rcc.o(.text.HAL_RCC_ClockConfig)
    HAL_RCC_EnableCSS                        0x08001711   Thumb Code    12  stm32f4xx_hal_rcc.o(.text.HAL_RCC_EnableCSS)
    HAL_RCC_GetHCLKFreq                      0x0800171d   Thumb Code    12  stm32f4xx_hal_rcc.o(.text.HAL_RCC_GetHCLKFreq)
    HAL_RCC_GetPCLK1Freq                     0x08001729   Thumb Code    38  stm32f4xx_hal_rcc.o(.text.HAL_RCC_GetPCLK1Freq)
    HAL_RCC_GetPCLK2Freq                     0x08001751   Thumb Code    38  stm32f4xx_hal_rcc.o(.text.HAL_RCC_GetPCLK2Freq)
    HAL_RCC_GetSysClockFreq                  0x08001779   Thumb Code   112  stm32f4xx_hal_rcc.o(.text.HAL_RCC_GetSysClockFreq)
    HAL_RCC_OscConfig                        0x080017e9   Thumb Code   920  stm32f4xx_hal_rcc.o(.text.HAL_RCC_OscConfig)
    HAL_SYSTICK_Callback                     0x08001b81   Thumb Code     2  stm32f4xx_hal_cortex.o(.text.HAL_SYSTICK_Callback)
    HAL_SYSTICK_Config                       0x08001b85   Thumb Code    44  stm32f4xx_hal_cortex.o(.text.HAL_SYSTICK_Config)
    HAL_SYSTICK_IRQHandler                   0x08001bb1   Thumb Code     4  stm32f4xx_hal_cortex.o(.text.HAL_SYSTICK_IRQHandler)
    HAL_TIMEx_ConfigBreakDeadTime            0x08001bb5   Thumb Code    76  stm32f4xx_hal_tim_ex.o(.text.HAL_TIMEx_ConfigBreakDeadTime)
    HAL_TIMEx_HallSensor_Init                0x08001c01   Thumb Code   180  stm32f4xx_hal_tim_ex.o(.text.HAL_TIMEx_HallSensor_Init)
    HAL_TIMEx_HallSensor_MspInit             0x08001cb5   Thumb Code     2  stm32f4xx_hal_tim_ex.o(.text.HAL_TIMEx_HallSensor_MspInit)
    HAL_TIMEx_MasterConfigSynchronization    0x08001cb9   Thumb Code   186  stm32f4xx_hal_tim_ex.o(.text.HAL_TIMEx_MasterConfigSynchronization)
    HAL_TIM_Base_Init                        0x08001d75   Thumb Code    54  stm32f4xx_hal_tim.o(.text.HAL_TIM_Base_Init)
    HAL_TIM_Base_MspInit                     0x08001dad   Thumb Code   208  stm32f4xx_hal_msp.o(.text.HAL_TIM_Base_MspInit)
    HAL_TIM_ConfigClockSource                0x08001e7d   Thumb Code   402  stm32f4xx_hal_tim.o(.text.HAL_TIM_ConfigClockSource)
    HAL_TIM_MspPostInit                      0x08002011   Thumb Code   138  stm32f4xx_hal_msp.o(.text.HAL_TIM_MspPostInit)
    HAL_TIM_PWM_ConfigChannel                0x0800209d   Thumb Code   540  stm32f4xx_hal_tim.o(.text.HAL_TIM_PWM_ConfigChannel)
    HAL_TIM_PWM_Init                         0x080022b9   Thumb Code    54  stm32f4xx_hal_tim.o(.text.HAL_TIM_PWM_Init)
    HAL_TIM_PWM_MspInit                      0x080022f1   Thumb Code     2  stm32f4xx_hal_tim.o(.text.HAL_TIM_PWM_MspInit)
    HAL_TIM_SlaveConfigSynchro               0x080022f5   Thumb Code    88  stm32f4xx_hal_tim.o(.text.HAL_TIM_SlaveConfigSynchro)
    HAL_UART_Init                            0x0800234d   Thumb Code    94  stm32f4xx_hal_uart.o(.text.HAL_UART_Init)
    HAL_UART_MspInit                         0x080023ad   Thumb Code   114  stm32f4xx_hal_msp.o(.text.HAL_UART_MspInit)
    HardFault_Handler                        0x08002421   Thumb Code   108  stm32f4xx_mc_it.o(.text.HardFault_Handler)
    MCI_Clear_Iqdref                         0x0800248d   Thumb Code    14  mc_interface.o(.text.MCI_Clear_Iqdref)
    MCI_EncoderAlign                         0x0800249d   Thumb Code     8  mc_interface.o(.text.MCI_EncoderAlign)
    MCI_ExecBufferedCommands                 0x080024a5   Thumb Code   126  mc_interface.o(.text.MCI_ExecBufferedCommands)
    MCI_ExecSpeedRamp                        0x08002525   Thumb Code    16  mc_interface.o(.text.MCI_ExecSpeedRamp)
    MCI_ExecTorqueRamp                       0x08002535   Thumb Code    14  mc_interface.o(.text.MCI_ExecTorqueRamp)
    MCI_FaultAcknowledged                    0x08002545   Thumb Code     6  mc_interface.o(.text.MCI_FaultAcknowledged)
    MCI_GetAvrgMecSpeedUnit                  0x0800254d   Thumb Code    16  mc_interface.o(.text.MCI_GetAvrgMecSpeedUnit)
    MCI_GetControlMode                       0x0800255d   Thumb Code     4  mc_interface.o(.text.MCI_GetControlMode)
    MCI_GetIab                               0x08002561   Thumb Code     6  mc_interface.o(.text.MCI_GetIab)
    MCI_GetIalphabeta                        0x08002569   Thumb Code     6  mc_interface.o(.text.MCI_GetIalphabeta)
    MCI_GetIqd                               0x08002571   Thumb Code     6  mc_interface.o(.text.MCI_GetIqd)
    MCI_GetIqdref                            0x08002579   Thumb Code     6  mc_interface.o(.text.MCI_GetIqdref)
    MCI_GetLastRampFinalSpeed                0x08002581   Thumb Code    14  mc_interface.o(.text.MCI_GetLastRampFinalSpeed)
    MCI_GetMecSpeedRefUnit                   0x08002591   Thumb Code     6  mc_interface.o(.text.MCI_GetMecSpeedRefUnit)
    MCI_GetSTMState                          0x08002599   Thumb Code     6  mc_interface.o(.text.MCI_GetSTMState)
    MCI_GetTeref                             0x080025a1   Thumb Code     8  mc_interface.o(.text.MCI_GetTeref)
    MCI_GetValphabeta                        0x080025a9   Thumb Code     8  mc_interface.o(.text.MCI_GetValphabeta)
    MCI_GetVqd                               0x080025b1   Thumb Code     8  mc_interface.o(.text.MCI_GetVqd)
    MCI_Init                                 0x080025b9   Thumb Code    18  mc_interface.o(.text.MCI_Init)
    MCI_SetCurrentReferences                 0x080025cd   Thumb Code    16  mc_interface.o(.text.MCI_SetCurrentReferences)
    MCI_SetIdref                             0x080025dd   Thumb Code     8  mc_interface.o(.text.MCI_SetIdref)
    MCI_StartMotor                           0x080025e5   Thumb Code    22  mc_interface.o(.text.MCI_StartMotor)
    MCI_StopMotor                            0x080025fd   Thumb Code     8  mc_interface.o(.text.MCI_StopMotor)
    MCI_StopRamp                             0x08002605   Thumb Code     6  mc_interface.o(.text.MCI_StopRamp)
    MCM_Clarke                               0x0800260d   Thumb Code    50  mc_math.o(.text.MCM_Clarke)
    MCM_Park                                 0x08002641   Thumb Code    72  mc_math.o(.text.MCM_Park)
    MCM_Rev_Park                             0x08002689   Thumb Code    38  mc_math.o(.text.MCM_Rev_Park)
    MCM_Trig_Functions                       0x080026b1   Thumb Code   140  mc_math.o(.text.MCM_Trig_Functions)
    MCP_Init                                 0x0800273d   Thumb Code    76  motor_control_protocol.o(.text.MCP_Init)
    MCP_OnTimeOut                            0x08002789   Thumb Code     4  motor_control_protocol.o(.text.MCP_OnTimeOut)
    MCP_ReceivedFrame                        0x0800278d   Thumb Code  2398  motor_control_protocol.o(.text.MCP_ReceivedFrame)
    MCP_SentFrame                            0x080030ed   Thumb Code     4  motor_control_protocol.o(.text.MCP_SentFrame)
    MCP_WaitNextFrame                        0x080030f1   Thumb Code    26  motor_control_protocol.o(.text.MCP_WaitNextFrame)
    MC_GetSTMStateMotor1                     0x0800310d   Thumb Code    14  mc_api.o(.text.MC_GetSTMStateMotor1)
    MC_RunMotorControlTasks                  0x0800311d   Thumb Code    34  mc_tasks.o(.text.MC_RunMotorControlTasks)
    MC_Scheduler                             0x08003141   Thumb Code    68  mc_tasks.o(.text.MC_Scheduler)
    MC_StartMotor1                           0x08003185   Thumb Code    14  mc_api.o(.text.MC_StartMotor1)
    MC_StopMotor1                            0x08003195   Thumb Code    14  mc_api.o(.text.MC_StopMotor1)
    MCboot                                   0x080031a5   Thumb Code   368  mc_tasks.o(.text.MCboot)
    MPM_CalcElMotorPower                     0x08003315   Thumb Code   262  motor_power_measurement.o(.text.MPM_CalcElMotorPower)
    MPM_Clear                                0x0800341d   Thumb Code    12  motor_power_measurement.o(.text.MPM_Clear)
    MPM_GetAvrgElMotorPowerW                 0x08003429   Thumb Code     6  motor_power_measurement.o(.text.MPM_GetAvrgElMotorPowerW)
    MX_MotorControl_Init                     0x08003431   Thumb Code    82  motorcontrol.o(.text.MX_MotorControl_Init)
    NTC_CalcAvTemp                           0x08003485   Thumb Code    58  ntc_temperature_sensor.o(.text.NTC_CalcAvTemp)
    NTC_Clear                                0x080034c1   Thumb Code     6  ntc_temperature_sensor.o(.text.NTC_Clear)
    NTC_GetAvTemp_C                          0x080034c9   Thumb Code    40  ntc_temperature_sensor.o(.text.NTC_GetAvTemp_C)
    NTC_Init                                 0x080034f1   Thumb Code    44  ntc_temperature_sensor.o(.text.NTC_Init)
    NTC_SetFaultState                        0x0800351d   Thumb Code    24  ntc_temperature_sensor.o(.text.NTC_SetFaultState)
    PID_GetKD                                0x08003535   Thumb Code     6  pid_regulator.o(.text.PID_GetKD)
    PID_GetKI                                0x0800353d   Thumb Code     6  pid_regulator.o(.text.PID_GetKI)
    PID_GetKIDivisor                         0x08003545   Thumb Code     4  pid_regulator.o(.text.PID_GetKIDivisor)
    PID_GetKP                                0x08003549   Thumb Code     6  pid_regulator.o(.text.PID_GetKP)
    PID_GetKPDivisor                         0x08003551   Thumb Code     4  pid_regulator.o(.text.PID_GetKPDivisor)
    PID_HandleInit                           0x08003555   Thumb Code    16  pid_regulator.o(.text.PID_HandleInit)
    PID_SetIntegralTerm                      0x08003565   Thumb Code     4  pid_regulator.o(.text.PID_SetIntegralTerm)
    PID_SetKD                                0x08003569   Thumb Code     4  pid_regulator.o(.text.PID_SetKD)
    PID_SetKI                                0x0800356d   Thumb Code     4  pid_regulator.o(.text.PID_SetKI)
    PID_SetKP                                0x08003571   Thumb Code     4  pid_regulator.o(.text.PID_SetKP)
    PI_Controller                            0x08003575   Thumb Code   132  pid_regulator.o(.text.PI_Controller)
    PQD_CalcElMotorPower                     0x080035f9   Thumb Code    92  pqd_motor_power_measurement.o(.text.PQD_CalcElMotorPower)
    PWMC_CheckOverCurrent                    0x08003655   Thumb Code     4  pwm_curr_fdbk.o(.text.PWMC_CheckOverCurrent)
    PWMC_CurrentReadingCalibr                0x08003659   Thumb Code    64  pwm_curr_fdbk.o(.text.PWMC_CurrentReadingCalibr)
    PWMC_GetPhaseCurrents                    0x08003699   Thumb Code     4  pwm_curr_fdbk.o(.text.PWMC_GetPhaseCurrents)
    PWMC_SetPhaseVoltage                     0x0800369d   Thumb Code   406  pwm_curr_fdbk.o(.text.PWMC_SetPhaseVoltage)
    PWMC_SwitchOffPWM                        0x08003835   Thumb Code     4  pwm_curr_fdbk.o(.text.PWMC_SwitchOffPWM)
    R3_2_BRK_IRQHandler                      0x08003839   Thumb Code    60  r3_2_f4xx_pwm_curr_fdbk.o(.text.R3_2_BRK_IRQHandler)
    R3_2_CurrentReadingCalibration           0x08003875   Thumb Code   260  r3_2_f4xx_pwm_curr_fdbk.o(.text.R3_2_CurrentReadingCalibration)
    R3_2_GetPhaseCurrents                    0x08003979   Thumb Code   316  r3_2_f4xx_pwm_curr_fdbk.o(.text.R3_2_GetPhaseCurrents)
    R3_2_HFCurrentsCalibrationAB             0x08003ab5   Thumb Code    72  r3_2_f4xx_pwm_curr_fdbk.o(.text.R3_2_HFCurrentsCalibrationAB)
    R3_2_HFCurrentsCalibrationC              0x08003afd   Thumb Code    58  r3_2_f4xx_pwm_curr_fdbk.o(.text.R3_2_HFCurrentsCalibrationC)
    R3_2_Init                                0x08003b39   Thumb Code   250  r3_2_f4xx_pwm_curr_fdbk.o(.text.R3_2_Init)
    R3_2_IsOverCurrentOccurred               0x08003c35   Thumb Code    22  r3_2_f4xx_pwm_curr_fdbk.o(.text.R3_2_IsOverCurrentOccurred)
    R3_2_RLDetectionModeDisable              0x08003c4d   Thumb Code   296  r3_2_f4xx_pwm_curr_fdbk.o(.text.R3_2_RLDetectionModeDisable)
    R3_2_RLDetectionModeEnable               0x08003d75   Thumb Code   188  r3_2_f4xx_pwm_curr_fdbk.o(.text.R3_2_RLDetectionModeEnable)
    R3_2_RLDetectionModeSetDuty              0x08003e31   Thumb Code    42  r3_2_f4xx_pwm_curr_fdbk.o(.text.R3_2_RLDetectionModeSetDuty)
    R3_2_SetADCSampPointCalibration          0x08003fa9   Thumb Code    60  r3_2_f4xx_pwm_curr_fdbk.o(.text.R3_2_SetADCSampPointCalibration)
    R3_2_SetADCSampPointSectX                0x08003fe5   Thumb Code   120  r3_2_f4xx_pwm_curr_fdbk.o(.text.R3_2_SetADCSampPointSectX)
    R3_2_SwitchOffPWM                        0x0800405d   Thumb Code   106  r3_2_f4xx_pwm_curr_fdbk.o(.text.R3_2_SwitchOffPWM)
    R3_2_SwitchOnPWM                         0x080040c9   Thumb Code   158  r3_2_f4xx_pwm_curr_fdbk.o(.text.R3_2_SwitchOnPWM)
    R3_2_TIMx_UP_IRQHandler                  0x08004169   Thumb Code   244  r3_2_f4xx_pwm_curr_fdbk.o(.text.R3_2_TIMx_UP_IRQHandler)
    R3_2_TurnOnLowSides                      0x0800425d   Thumb Code    96  r3_2_f4xx_pwm_curr_fdbk.o(.text.R3_2_TurnOnLowSides)
    RCM_ExecRegularConv                      0x080042bd   Thumb Code    74  regular_conversion_manager.o(.text.RCM_ExecRegularConv)
    RCM_ExecUserConv                         0x08004309   Thumb Code   130  regular_conversion_manager.o(.text.RCM_ExecUserConv)
    RCM_RegisterRegConv                      0x0800438d   Thumb Code   338  regular_conversion_manager.o(.text.RCM_RegisterRegConv)
    REMNG_Init                               0x080044e1   Thumb Code    16  ramp_ext_mngr.o(.text.REMNG_Init)
    RUC_GetNumberOfPhases                    0x080044f1   Thumb Code     6  revup_ctrl.o(.text.RUC_GetNumberOfPhases)
    RUC_GetPhaseDurationms                   0x080044f9   Thumb Code    12  revup_ctrl.o(.text.RUC_GetPhaseDurationms)
    RUC_GetPhaseFinalMecSpeedUnit            0x08004505   Thumb Code    14  revup_ctrl.o(.text.RUC_GetPhaseFinalMecSpeedUnit)
    RUC_GetPhaseFinalTorque                  0x08004515   Thumb Code    14  revup_ctrl.o(.text.RUC_GetPhaseFinalTorque)
    RUC_SetPhaseDurationms                   0x08004525   Thumb Code    12  revup_ctrl.o(.text.RUC_SetPhaseDurationms)
    RUC_SetPhaseFinalMecSpeedUnit            0x08004531   Thumb Code    12  revup_ctrl.o(.text.RUC_SetPhaseFinalMecSpeedUnit)
    RUC_SetPhaseFinalTorque                  0x0800453d   Thumb Code    12  revup_ctrl.o(.text.RUC_SetPhaseFinalTorque)
    RVBS_CalcAvVbus                          0x08004549   Thumb Code   148  r_divider_bus_voltage_sensor.o(.text.RVBS_CalcAvVbus)
    RVBS_CheckFaultState                     0x080045dd   Thumb Code    26  r_divider_bus_voltage_sensor.o(.text.RVBS_CheckFaultState)
    RVBS_Clear                               0x080045f9   Thumb Code   100  r_divider_bus_voltage_sensor.o(.text.RVBS_Clear)
    RVBS_Init                                0x0800465d   Thumb Code    26  r_divider_bus_voltage_sensor.o(.text.RVBS_Init)
    SPD_GetAvrgMecSpeedUnit                  0x08004679   Thumb Code     6  speed_pos_fdbk.o(.text.SPD_GetAvrgMecSpeedUnit)
    SPD_GetElAngle                           0x08004681   Thumb Code     6  speed_pos_fdbk.o(.text.SPD_GetElAngle)
    SPD_GetInstElSpeedDpp                    0x08004689   Thumb Code     6  speed_pos_fdbk.o(.text.SPD_GetInstElSpeedDpp)
    SPD_GetS16Speed                          0x08004691   Thumb Code    20  speed_pos_fdbk.o(.text.SPD_GetS16Speed)
    SPD_IsMecSpeedReliable                   0x080046a5   Thumb Code    92  speed_pos_fdbk.o(.text.SPD_IsMecSpeedReliable)
    STC_CalcTorqueReference                  0x08004701   Thumb Code    86  speed_torq_ctrl.o(.text.STC_CalcTorqueReference)
    STC_Clear                                0x08004759   Thumb Code    16  speed_torq_ctrl.o(.text.STC_Clear)
    STC_ExecRamp                             0x08004769   Thumb Code   164  speed_torq_ctrl.o(.text.STC_ExecRamp)
    STC_ForceSpeedReferenceToCurrentSpeed    0x0800480d   Thumb Code    16  speed_torq_ctrl.o(.text.STC_ForceSpeedReferenceToCurrentSpeed)
    STC_GetDefaultIqdref                     0x0800481d   Thumb Code     6  speed_torq_ctrl.o(.text.STC_GetDefaultIqdref)
    STC_GetMaxAppPositiveMecSpeedUnit        0x08004825   Thumb Code     4  speed_torq_ctrl.o(.text.STC_GetMaxAppPositiveMecSpeedUnit)
    STC_GetMecSpeedRefUnit                   0x08004829   Thumb Code    12  speed_torq_ctrl.o(.text.STC_GetMecSpeedRefUnit)
    STC_GetMecSpeedRefUnitDefault            0x08004835   Thumb Code     6  speed_torq_ctrl.o(.text.STC_GetMecSpeedRefUnitDefault)
    STC_GetMinAppNegativeMecSpeedUnit        0x0800483d   Thumb Code     6  speed_torq_ctrl.o(.text.STC_GetMinAppNegativeMecSpeedUnit)
    STC_GetSpeedSensor                       0x08004845   Thumb Code     4  speed_torq_ctrl.o(.text.STC_GetSpeedSensor)
    STC_GetTorqueRef                         0x08004849   Thumb Code    12  speed_torq_ctrl.o(.text.STC_GetTorqueRef)
    STC_Init                                 0x08004855   Thumb Code    42  speed_torq_ctrl.o(.text.STC_Init)
    STC_SetControlMode                       0x08004881   Thumb Code     8  speed_torq_ctrl.o(.text.STC_SetControlMode)
    STC_StopRamp                             0x08004889   Thumb Code     8  speed_torq_ctrl.o(.text.STC_StopRamp)
    STM_FaultAcknowledged                    0x08004891   Thumb Code    26  state_machine.o(.text.STM_FaultAcknowledged)
    STM_FaultProcessing                      0x080048ad   Thumb Code    74  state_machine.o(.text.STM_FaultProcessing)
    STM_GetFaultState                        0x080048f9   Thumb Code    10  state_machine.o(.text.STM_GetFaultState)
    STM_GetState                             0x08004905   Thumb Code     4  state_machine.o(.text.STM_GetState)
    STM_Init                                 0x08004909   Thumb Code    10  state_machine.o(.text.STM_Init)
    STM_NextState                            0x08004915   Thumb Code   660  state_machine.o(.text.STM_NextState)
    SysTick_Handler                          0x08004ba9   Thumb Code    38  stm32f4xx_mc_it.o(.text.SysTick_Handler)
    SystemClock_Config                       0x08004bd1   Thumb Code   180  main.o(.text.SystemClock_Config)
    SystemInit                               0x08004c85   Thumb Code    26  system_stm32f4xx.o(.text.SystemInit)
    TIM1_BRK_TIM9_IRQHandler                 0x08004ca1   Thumb Code    50  stm32f4xx_mc_it.o(.text.TIM1_BRK_TIM9_IRQHandler)
    TIM1_UP_TIM10_IRQHandler                 0x08004cd5   Thumb Code    22  stm32f4xx_mc_it.o(.text.TIM1_UP_TIM10_IRQHandler)
    TIM5_IRQHandler                          0x08004ced   Thumb Code    62  stm32f4xx_mc_it.o(.text.TIM5_IRQHandler)
    TIM_Base_SetConfig                       0x08004d2d   Thumb Code   308  stm32f4xx_hal_tim.o(.text.TIM_Base_SetConfig)
    TIM_OC2_SetConfig                        0x08004e61   Thumb Code   104  stm32f4xx_hal_tim.o(.text.TIM_OC2_SetConfig)
    TIM_TI1_SetConfig                        0x08004fa9   Thumb Code   174  stm32f4xx_hal_tim.o(.text.TIM_TI1_SetConfig)
    TSK_ChargeBootCapDelayHasElapsedM1       0x08005059   Thumb Code    18  mc_tasks.o(.text.TSK_ChargeBootCapDelayHasElapsedM1)
    TSK_HardwareFaultTask                    0x0800506d   Thumb Code    32  mc_tasks.o(.text.TSK_HardwareFaultTask)
    TSK_HighFrequencyTask                    0x0800508d   Thumb Code   190  mc_tasks.o(.text.TSK_HighFrequencyTask)
    TSK_MediumFrequencyTaskM1                0x0800514d   Thumb Code   318  mc_tasks.o(.text.TSK_MediumFrequencyTaskM1)
    TSK_SafetyTask                           0x0800528d   Thumb Code    32  mc_tasks.o(.text.TSK_SafetyTask)
    TSK_SafetyTask_PWMOFF                    0x080052ad   Thumb Code   136  mc_tasks.o(.text.TSK_SafetyTask_PWMOFF)
    TSK_SetChargeBootCapDelayM1              0x08005335   Thumb Code    12  mc_tasks.o(.text.TSK_SetChargeBootCapDelayM1)
    TSK_SetStopPermanencyTimeM1              0x08005341   Thumb Code    12  mc_tasks.o(.text.TSK_SetStopPermanencyTimeM1)
    TSK_StopPermanencyTimeHasElapsedM1       0x0800534d   Thumb Code    18  mc_tasks.o(.text.TSK_StopPermanencyTimeHasElapsedM1)
    UFCP_AbortReceive                        0x0800545d   Thumb Code     8  usart_frame_communication_protocol.o(.text.UFCP_AbortReceive)
    UFCP_Init                                0x08005465   Thumb Code     4  usart_frame_communication_protocol.o(.text.UFCP_Init)
    UFCP_OVR_IRQ_Handler                     0x08005469   Thumb Code    26  usart_frame_communication_protocol.o(.text.UFCP_OVR_IRQ_Handler)
    UFCP_RX_IRQ_Handler                      0x08005485   Thumb Code   204  usart_frame_communication_protocol.o(.text.UFCP_RX_IRQ_Handler)
    UFCP_Receive                             0x08005551   Thumb Code    38  usart_frame_communication_protocol.o(.text.UFCP_Receive)
    UFCP_Send                                0x08005579   Thumb Code   188  usart_frame_communication_protocol.o(.text.UFCP_Send)
    UFCP_TX_IRQ_Handler                      0x08005635   Thumb Code   102  usart_frame_communication_protocol.o(.text.UFCP_TX_IRQ_Handler)
    UI_DACExec                               0x0800569d   Thumb Code    10  user_interface.o(.text.UI_DACExec)
    UI_DACInit                               0x080056a9   Thumb Code    10  user_interface.o(.text.UI_DACInit)
    UI_DACUpdate                             0x080056b5   Thumb Code    36  ui_task.o(.text.UI_DACUpdate)
    UI_ExecCmd                               0x080056d9   Thumb Code   162  user_interface.o(.text.UI_ExecCmd)
    UI_ExecSpeedRamp                         0x0800577d   Thumb Code    38  user_interface.o(.text.UI_ExecSpeedRamp)
    UI_ExecTorqueRamp                        0x080057a5   Thumb Code    20  user_interface.o(.text.UI_ExecTorqueRamp)
    UI_GetDAC                                0x080057b9   Thumb Code    12  user_interface.o(.text.UI_GetDAC)
    UI_GetMPInfo                             0x080057c5   Thumb Code     4  user_interface.o(.text.UI_GetMPInfo)
    UI_GetReg                                0x080057c9   Thumb Code   930  user_interface.o(.text.UI_GetReg)
    UI_GetRevupData                          0x08005b6d   Thumb Code    70  user_interface.o(.text.UI_GetRevupData)
    UI_GetSelectedMC                         0x08005bb5   Thumb Code     6  user_interface.o(.text.UI_GetSelectedMC)
    UI_HandleStartStopButton_cb              0x08005bbd   Thumb Code    24  ui_task.o(.text.UI_HandleStartStopButton_cb)
    UI_Init                                  0x08005bd5   Thumb Code    20  user_interface.o(.text.UI_Init)
    UI_Scheduler                             0x08005be9   Thumb Code    54  ui_task.o(.text.UI_Scheduler)
    UI_SelectMC                              0x08005c21   Thumb Code    20  user_interface.o(.text.UI_SelectMC)
    UI_SerialCommunicationTimeOutStart       0x08005c35   Thumb Code    14  ui_task.o(.text.UI_SerialCommunicationTimeOutStart)
    UI_SerialCommunicationTimeOutStop        0x08005c45   Thumb Code    14  ui_task.o(.text.UI_SerialCommunicationTimeOutStop)
    UI_SetCurrentReferences                  0x08005c55   Thumb Code    18  user_interface.o(.text.UI_SetCurrentReferences)
    UI_SetDAC                                0x08005c69   Thumb Code    10  user_interface.o(.text.UI_SetDAC)
    UI_SetReg                                0x08005c75   Thumb Code   408  user_interface.o(.text.UI_SetReg)
    UI_SetRevupData                          0x08005e0d   Thumb Code    54  user_interface.o(.text.UI_SetRevupData)
    UI_TaskInit                              0x08005e45   Thumb Code   266  ui_task.o(.text.UI_TaskInit)
    USART1_IRQHandler                        0x08005f51   Thumb Code   132  stm32f4xx_mc_it.o(.text.USART1_IRQHandler)
    VBS_GetAvBusVoltage_V                    0x08005fd5   Thumb Code    10  bus_voltage_sensor.o(.text.VBS_GetAvBusVoltage_V)
    main                                     0x08005fe1   Thumb Code  1430  main.o(.text.main)
    mc_lock_pins                             0x08006579   Thumb Code   344  mc_tasks.o(.text.mc_lock_pins)
    startTimers                              0x080066d1   Thumb Code    96  pwm_common.o(.text.startTimers)
    waitForPolarizationEnd                   0x08006731   Thumb Code    92  pwm_common.o(.text.waitForPolarizationEnd)
    __scatterload_copy                       0x0800678d   Thumb Code    14  handlers.o(i.__scatterload_copy)
    __scatterload_null                       0x0800679b   Thumb Code     2  handlers.o(i.__scatterload_null)
    __scatterload_zeroinit                   0x0800679d   Thumb Code    14  handlers.o(i.__scatterload_zeroinit)
    AHBPrescTable                            0x080067aa   Data          16  system_stm32f4xx.o(.rodata.AHBPrescTable)
    APBPrescTable                            0x080067ba   Data           8  system_stm32f4xx.o(.rodata.APBPrescTable)
    R3_2_ParamsM1                            0x080067c4   Data         148  mc_parameters.o(.rodata.R3_2_ParamsM1)
    hSin_Cos_Table                           0x0800685e   Data         512  mc_math.o(.rodata.hSin_Cos_Table)
    s_fwVer                                  0x08006a5e   Data          32  motorcontrol.o(.rodata.s_fwVer)
    Region$$Table$$Base                      0x08006a80   Number         0  anon$$obj.o(Region$$Table)
    Region$$Table$$Limit                     0x08006aa0   Number         0  anon$$obj.o(Region$$Table)
    uwTickFreq                               0x20000000   Data           1  stm32f4xx_hal.o(.data..L_MergedGlobals)
    uwTickPrio                               0x20000004   Data           4  stm32f4xx_hal.o(.data..L_MergedGlobals)
    CircleLimitationM1                       0x20000008   Data         180  mc_config.o(.data.CircleLimitationM1)
    DAC_UI_Params                            0x200000bc   Data          60  mc_config.o(.data.DAC_UI_Params)
    HALL_M1                                  0x200000f8   Data         200  mc_config.o(.data.HALL_M1)
    PIDIdHandle_M1                           0x200001c0   Data          44  mc_config.o(.data.PIDIdHandle_M1)
    PIDIqHandle_M1                           0x200001ec   Data          44  mc_config.o(.data.PIDIqHandle_M1)
    PIDSpeedHandle_M1                        0x20000218   Data          44  mc_config.o(.data.PIDSpeedHandle_M1)
    PQD_MotorPowMeasM1                       0x20000244   Data         276  mc_config.o(.data.PQD_MotorPowMeasM1)
    PWM_Handle_M1                            0x20000358   Data         124  mc_config.o(.data.PWM_Handle_M1)
    RampExtMngrHFParamsM1                    0x200003d4   Data          24  mc_config.o(.data.RampExtMngrHFParamsM1)
    RealBusVoltageSensorParamsM1             0x200003ec   Data          40  mc_config.o(.data.RealBusVoltageSensorParamsM1)
    SpeednTorqCtrlM1                         0x20000414   Data          52  mc_config.o(.data.SpeednTorqCtrlM1)
    SystemCoreClock                          0x2000044c   Data           4  system_stm32f4xx.o(.data.SystemCoreClock)
    TempSensorParamsM1                       0x20000450   Data          40  mc_config.o(.data.TempSensorParamsM1)
    UI_Params                                0x20000478   Data          48  mc_config.o(.data.UI_Params)
    pUSART                                   0x200004ac   Data         316  mc_config.o(.data.pUSART)
    wConfig                                  0x200005e8   Data           4  motorcontrol.o(.data.wConfig)
    hdac                                     0x200005f0   Data          20  main.o(.bss..L_MergedGlobals)
    htim1                                    0x20000604   Data          64  main.o(.bss..L_MergedGlobals)
    pMCI                                     0x20000644   Data           4  motorcontrol.o(.bss..L_MergedGlobals)
    pMCT                                     0x20000648   Data           4  motorcontrol.o(.bss..L_MergedGlobals)
    bMCBootCompleted                         0x2000064c   Data           1  mc_tasks.o(.bss..L_MergedGlobals)
    pCLM                                     0x20000654   Data           4  mc_tasks.o(.bss..L_MergedGlobals)
    pwmcHandle                               0x20000658   Data           4  mc_tasks.o(.bss..L_MergedGlobals)
    pPIDSpeed                                0x2000065c   Data           4  mc_tasks.o(.bss..L_MergedGlobals)
    pSTC                                     0x20000660   Data           4  mc_tasks.o(.bss..L_MergedGlobals)
    pPIDIq                                   0x20000664   Data           4  mc_tasks.o(.bss..L_MergedGlobals)
    pPIDId                                   0x20000668   Data           4  mc_tasks.o(.bss..L_MergedGlobals)
    pBusSensorM1                             0x2000066c   Data           4  mc_tasks.o(.bss..L_MergedGlobals)
    pMPM                                     0x20000670   Data           4  mc_tasks.o(.bss..L_MergedGlobals)
    pTemperatureSensor                       0x20000674   Data           4  mc_tasks.o(.bss..L_MergedGlobals)
    pREMNG                                   0x20000678   Data           4  mc_tasks.o(.bss..L_MergedGlobals)
    oMCInterface                             0x2000067c   Data           4  mc_tasks.o(.bss..L_MergedGlobals)
    STM                                      0x20000680   Data           6  mc_tasks.o(.bss..L_MergedGlobals)
    Mci                                      0x20000688   Data          28  mc_tasks.o(.bss..L_MergedGlobals)
    FOCVars                                  0x200006a4   Data          38  mc_tasks.o(.bss..L_MergedGlobals)
    RCM_UserConvState                        0x200006cc   Data           1  regular_conversion_manager.o(.bss..L_MergedGlobals)
    RCM_UserConvHandle                       0x200006cd   Data           1  regular_conversion_manager.o(.bss..L_MergedGlobals)
    RCM_UserConvValue                        0x200006ce   Data           2  regular_conversion_manager.o(.bss..L_MergedGlobals)
    RCM_handle_array                         0x200006d0   Data          16  regular_conversion_manager.o(.bss..L_MergedGlobals)
    RCM_CB_array                             0x200006e0   Data          32  regular_conversion_manager.o(.bss..L_MergedGlobals)
    pDAC                                     0x20000704   Data           4  ui_task.o(.bss..L_MergedGlobals)
    pMCP                                     0x20000708   Data           4  ui_task.o(.bss..L_MergedGlobals)
    MCP_UI_Params                            0x2000070c   Data         204  ui_task.o(.bss.MCP_UI_Params)
    MCT                                      0x200007d8   Data          84  mc_tasks.o(.bss.MCT)
    MPInfo                                   0x2000082c   Data           8  motor_control_protocol.o(.bss.MPInfo)
    RealBusVoltageSensorFilterBufferM1       0x20000834   Data          20  mc_config.o(.bss.RealBusVoltageSensorFilterBufferM1)
    hadc1                                    0x20000848   Data          72  main.o(.bss.hadc1)
    hadc2                                    0x20000890   Data          72  main.o(.bss.hadc2)
    htim5                                    0x200008d8   Data          64  main.o(.bss.htim5)
    huart1                                   0x20000918   Data          64  main.o(.bss.huart1)
    uwTick                                   0x20000958   Data           4  stm32f4xx_hal.o(.bss.uwTick)
    __initial_sp                             0x20000d60   Data           0  startup_stm32f407xx.o(STACK)



==============================================================================

Memory Map of the image

  Image Entry point : 0x08000189

  Load Region LR_IROM1 (Base: 0x08000000, Size: 0x00007090, Max: 0x00100000, ABSOLUTE, COMPRESSED[0x00006c58])

    Execution Region ER_IROM1 (Exec base: 0x08000000, Load base: 0x08000000, Size: 0x00006aa0, Max: 0x00100000, ABSOLUTE)

    Exec Addr    Load Addr    Size         Type   Attr      Idx    E Section Name        Object

    0x08000000   0x08000000   0x00000188   Data   RO            3    RESET               startup_stm32f407xx.o
    0x08000188   0x08000188   0x00000000   Code   RO         2043  * .ARM.Collect$$$$00000000  mc_w.l(entry.o)
    0x08000188   0x08000188   0x00000004   Code   RO         2050    .ARM.Collect$$$$00000001  mc_w.l(entry2.o)
    0x0800018c   0x0800018c   0x00000004   Code   RO         2053    .ARM.Collect$$$$00000004  mc_w.l(entry5.o)
    0x08000190   0x08000190   0x00000000   Code   RO         2055    .ARM.Collect$$$$00000008  mc_w.l(entry7b.o)
    0x08000190   0x08000190   0x00000000   Code   RO         2057    .ARM.Collect$$$$0000000A  mc_w.l(entry8b.o)
    0x08000190   0x08000190   0x00000008   Code   RO         2058    .ARM.Collect$$$$0000000B  mc_w.l(entry9a.o)
    0x08000198   0x08000198   0x00000000   Code   RO         2060    .ARM.Collect$$$$0000000D  mc_w.l(entry10a.o)
    0x08000198   0x08000198   0x00000000   Code   RO         2062    .ARM.Collect$$$$0000000F  mc_w.l(entry11a.o)
    0x08000198   0x08000198   0x00000004   Code   RO         2051    .ARM.Collect$$$$00002712  mc_w.l(entry2.o)
    0x0800019c   0x0800019c   0x00000024   Code   RO            4    .text               startup_stm32f407xx.o
    0x080001c0   0x080001c0   0x00000062   Code   RO         2046    .text               mc_w.l(uldiv.o)
    0x08000222   0x08000222   0x00000024   Code   RO         2048    .text               mc_w.l(memseta.o)
    0x08000246   0x08000246   0x0000001e   Code   RO         2064    .text               mc_w.l(llshl.o)
    0x08000264   0x08000264   0x00000020   Code   RO         2066    .text               mc_w.l(llushr.o)
    0x08000284   0x08000284   0x00000030   Code   RO         2068    .text               mc_w.l(init.o)
    0x080002b4   0x080002b4   0x00000056   Code   RO         2078    .text               mc_w.l(__dczerorl2.o)
    0x0800030a   0x0800030a   0x00000002   PAD
    0x0800030c   0x0800030c   0x00000028   Code   RO          332    .text.ADC_IRQHandler  stm32f4xx_mc_it.o
    0x08000334   0x08000334   0x0000004c   Code   RO         1482    .text.Circle_Limitation  circle_limitation.o
    0x08000380   0x08000380   0x00000056   Code   RO          448    .text.DAC_Exec      dac_ui.o
    0x080003d6   0x080003d6   0x00000002   PAD
    0x080003d8   0x080003d8   0x00000008   Code   RO         1972    .text.DAC_GetChannelConfig  dac_common_ui.o
    0x080003e0   0x080003e0   0x0000000a   Code   RO         1976    .text.DAC_GetUserChannelValue  dac_common_ui.o
    0x080003ea   0x080003ea   0x00000002   PAD
    0x080003ec   0x080003ec   0x0000001a   Code   RO          446    .text.DAC_Init      dac_ui.o
    0x08000406   0x08000406   0x00000002   PAD
    0x08000408   0x08000408   0x00000008   Code   RO         1970    .text.DAC_SetChannelConfig  dac_common_ui.o
    0x08000410   0x08000410   0x00000008   Code   RO         1974    .text.DAC_SetUserChannelValue  dac_common_ui.o
    0x08000418   0x08000418   0x00000018   Code   RO          346    .text.EXTI4_IRQHandler  stm32f4xx_mc_it.o
    0x08000430   0x08000430   0x0000008c   Code   RO         1992    .text.FCP_CalcCRC   frame_communication_protocol.o
    0x080004bc   0x080004bc   0x00000018   Code   RO         1986    .text.FCP_Init      frame_communication_protocol.o
    0x080004d4   0x080004d4   0x0000000e   Code   RO         1988    .text.FCP_SetClient  frame_communication_protocol.o
    0x080004e2   0x080004e2   0x00000002   PAD
    0x080004e4   0x080004e4   0x00000032   Code   RO          178    .text.FOC_CalcCurrRef  mc_tasks.o
    0x08000516   0x08000516   0x00000002   PAD
    0x08000518   0x08000518   0x0000004a   Code   RO          162    .text.FOC_Clear     mc_tasks.o
    0x08000562   0x08000562   0x00000002   PAD
    0x08000564   0x08000564   0x00000002   Code   RO          176    .text.FOC_InitAdditionalMethods  mc_tasks.o
    0x08000566   0x08000566   0x00000002   PAD
    0x08000568   0x08000568   0x0000009c   Code   RO         1511    .text.HALL_CalcAvrgMecSpeedUnit  hall_speed_pos_fdbk.o
    0x08000604   0x08000604   0x00000036   Code   RO         1509    .text.HALL_CalcElAngle  hall_speed_pos_fdbk.o
    0x0800063a   0x0800063a   0x00000002   PAD
    0x0800063c   0x0800063c   0x00000052   Code   RO         1505    .text.HALL_Clear    hall_speed_pos_fdbk.o
    0x0800068e   0x0800068e   0x00000002   PAD
    0x08000690   0x08000690   0x00000146   Code   RO         1503    .text.HALL_Init     hall_speed_pos_fdbk.o
    0x080007d6   0x080007d6   0x00000002   PAD
    0x080007d8   0x080007d8   0x0000011c   Code   RO         1507    .text.HALL_Init_Electrical_Angle  hall_speed_pos_fdbk.o
    0x080008f4   0x080008f4   0x000002bc   Code   RO         1513    .text.HALL_TIMx_CC_IRQHandler  hall_speed_pos_fdbk.o
    0x08000bb0   0x08000bb0   0x000000c2   Code   RO         1515    .text.HALL_TIMx_UP_IRQHandler  hall_speed_pos_fdbk.o
    0x08000c72   0x08000c72   0x00000002   PAD
    0x08000c74   0x08000c74   0x00000158   Code   RO          571    .text.HAL_ADCEx_InjectedConfigChannel  stm32f4xx_hal_adc_ex.o
    0x08000dcc   0x08000dcc   0x0000013c   Code   RO          529    .text.HAL_ADC_ConfigChannel  stm32f4xx_hal_adc.o
    0x08000f08   0x08000f08   0x0000015c   Code   RO          487    .text.HAL_ADC_Init  stm32f4xx_hal_adc.o
    0x08001064   0x08001064   0x000000f6   Code   RO          461    .text.HAL_ADC_MspInit  stm32f4xx_hal_msp.o
    0x0800115a   0x0800115a   0x00000002   PAD
    0x0800115c   0x0800115c   0x0000004e   Code   RO          996    .text.HAL_DAC_ConfigChannel  stm32f4xx_hal_dac.o
    0x080011aa   0x080011aa   0x00000002   PAD
    0x080011ac   0x080011ac   0x0000002e   Code   RO          962    .text.HAL_DAC_Init  stm32f4xx_hal_dac.o
    0x080011da   0x080011da   0x00000002   PAD
    0x080011dc   0x080011dc   0x0000006c   Code   RO          465    .text.HAL_DAC_MspInit  stm32f4xx_hal_msp.o
    0x08001248   0x08001248   0x000001d6   Code   RO          693    .text.HAL_GPIO_Init  stm32f4xx_hal_gpio.o
    0x0800141e   0x0800141e   0x00000002   PAD
    0x08001420   0x08001420   0x0000000a   Code   RO          699    .text.HAL_GPIO_WritePin  stm32f4xx_hal_gpio.o
    0x0800142a   0x0800142a   0x00000002   PAD
    0x0800142c   0x0800142c   0x0000000c   Code   RO          884    .text.HAL_GetTick   stm32f4xx_hal.o
    0x08001438   0x08001438   0x0000001a   Code   RO          882    .text.HAL_IncTick   stm32f4xx_hal.o
    0x08001452   0x08001452   0x00000002   PAD
    0x08001454   0x08001454   0x00000036   Code   RO          872    .text.HAL_Init      stm32f4xx_hal.o
    0x0800148a   0x0800148a   0x00000002   PAD
    0x0800148c   0x0800148c   0x00000048   Code   RO          874    .text.HAL_InitTick  stm32f4xx_hal.o
    0x080014d4   0x080014d4   0x0000003c   Code   RO          459    .text.HAL_MspInit   stm32f4xx_hal_msp.o
    0x08001510   0x08001510   0x00000022   Code   RO          830    .text.HAL_NVIC_EnableIRQ  stm32f4xx_hal_cortex.o
    0x08001532   0x08001532   0x00000002   PAD
    0x08001534   0x08001534   0x00000056   Code   RO          828    .text.HAL_NVIC_SetPriority  stm32f4xx_hal_cortex.o
    0x0800158a   0x0800158a   0x00000002   PAD
    0x0800158c   0x0800158c   0x00000020   Code   RO          826    .text.HAL_NVIC_SetPriorityGrouping  stm32f4xx_hal_cortex.o
    0x080015ac   0x080015ac   0x00000164   Code   RO          587    .text.HAL_RCC_ClockConfig  stm32f4xx_hal_rcc.o
    0x08001710   0x08001710   0x0000000c   Code   RO          593    .text.HAL_RCC_EnableCSS  stm32f4xx_hal_rcc.o
    0x0800171c   0x0800171c   0x0000000c   Code   RO          597    .text.HAL_RCC_GetHCLKFreq  stm32f4xx_hal_rcc.o
    0x08001728   0x08001728   0x00000026   Code   RO          599    .text.HAL_RCC_GetPCLK1Freq  stm32f4xx_hal_rcc.o
    0x0800174e   0x0800174e   0x00000002   PAD
    0x08001750   0x08001750   0x00000026   Code   RO          601    .text.HAL_RCC_GetPCLK2Freq  stm32f4xx_hal_rcc.o
    0x08001776   0x08001776   0x00000002   PAD
    0x08001778   0x08001778   0x00000070   Code   RO          589    .text.HAL_RCC_GetSysClockFreq  stm32f4xx_hal_rcc.o
    0x080017e8   0x080017e8   0x00000398   Code   RO          585    .text.HAL_RCC_OscConfig  stm32f4xx_hal_rcc.o
    0x08001b80   0x08001b80   0x00000002   Code   RO          862    .text.HAL_SYSTICK_Callback  stm32f4xx_hal_cortex.o
    0x08001b82   0x08001b82   0x00000002   PAD
    0x08001b84   0x08001b84   0x0000002c   Code   RO          838    .text.HAL_SYSTICK_Config  stm32f4xx_hal_cortex.o
    0x08001bb0   0x08001bb0   0x00000004   Code   RO          860    .text.HAL_SYSTICK_IRQHandler  stm32f4xx_hal_cortex.o
    0x08001bb4   0x08001bb4   0x0000004c   Code   RO         1325    .text.HAL_TIMEx_ConfigBreakDeadTime  stm32f4xx_hal_tim_ex.o
    0x08001c00   0x08001c00   0x000000b4   Code   RO         1261    .text.HAL_TIMEx_HallSensor_Init  stm32f4xx_hal_tim_ex.o
    0x08001cb4   0x08001cb4   0x00000002   Code   RO         1263    .text.HAL_TIMEx_HallSensor_MspInit  stm32f4xx_hal_tim_ex.o
    0x08001cb6   0x08001cb6   0x00000002   PAD
    0x08001cb8   0x08001cb8   0x000000ba   Code   RO         1323    .text.HAL_TIMEx_MasterConfigSynchronization  stm32f4xx_hal_tim_ex.o
    0x08001d72   0x08001d72   0x00000002   PAD
    0x08001d74   0x08001d74   0x00000036   Code   RO         1042    .text.HAL_TIM_Base_Init  stm32f4xx_hal_tim.o
    0x08001daa   0x08001daa   0x00000002   PAD
    0x08001dac   0x08001dac   0x000000d0   Code   RO          469    .text.HAL_TIM_Base_MspInit  stm32f4xx_hal_msp.o
    0x08001e7c   0x08001e7c   0x00000192   Code   RO         1218    .text.HAL_TIM_ConfigClockSource  stm32f4xx_hal_tim.o
    0x0800200e   0x0800200e   0x00000002   PAD
    0x08002010   0x08002010   0x0000008a   Code   RO          471    .text.HAL_TIM_MspPostInit  stm32f4xx_hal_msp.o
    0x0800209a   0x0800209a   0x00000002   PAD
    0x0800209c   0x0800209c   0x0000021c   Code   RO         1196    .text.HAL_TIM_PWM_ConfigChannel  stm32f4xx_hal_tim.o
    0x080022b8   0x080022b8   0x00000036   Code   RO         1096    .text.HAL_TIM_PWM_Init  stm32f4xx_hal_tim.o
    0x080022ee   0x080022ee   0x00000002   PAD
    0x080022f0   0x080022f0   0x00000002   Code   RO         1098    .text.HAL_TIM_PWM_MspInit  stm32f4xx_hal_tim.o
    0x080022f2   0x080022f2   0x00000002   PAD
    0x080022f4   0x080022f4   0x00000058   Code   RO         1222    .text.HAL_TIM_SlaveConfigSynchro  stm32f4xx_hal_tim.o
    0x0800234c   0x0800234c   0x0000005e   Code   RO         1345    .text.HAL_UART_Init  stm32f4xx_hal_uart.o
    0x080023aa   0x080023aa   0x00000002   PAD
    0x080023ac   0x080023ac   0x00000072   Code   RO          475    .text.HAL_UART_MspInit  stm32f4xx_hal_msp.o
    0x0800241e   0x0800241e   0x00000002   PAD
    0x08002420   0x08002420   0x0000006c   Code   RO          342    .text.HardFault_Handler  stm32f4xx_mc_it.o
    0x0800248c   0x0800248c   0x0000000e   Code   RO          322    .text.MCI_Clear_Iqdref  mc_interface.o
    0x0800249a   0x0800249a   0x00000002   PAD
    0x0800249c   0x0800249c   0x00000008   Code   RO          268    .text.MCI_EncoderAlign  mc_interface.o
    0x080024a4   0x080024a4   0x0000007e   Code   RO          270    .text.MCI_ExecBufferedCommands  mc_interface.o
    0x08002522   0x08002522   0x00000002   PAD
    0x08002524   0x08002524   0x00000010   Code   RO          256    .text.MCI_ExecSpeedRamp  mc_interface.o
    0x08002534   0x08002534   0x0000000e   Code   RO          258    .text.MCI_ExecTorqueRamp  mc_interface.o
    0x08002542   0x08002542   0x00000002   PAD
    0x08002544   0x08002544   0x00000006   Code   RO          266    .text.MCI_FaultAcknowledged  mc_interface.o
    0x0800254a   0x0800254a   0x00000002   PAD
    0x0800254c   0x0800254c   0x00000010   Code   RO          294    .text.MCI_GetAvrgMecSpeedUnit  mc_interface.o
    0x0800255c   0x0800255c   0x00000004   Code   RO          280    .text.MCI_GetControlMode  mc_interface.o
    0x08002560   0x08002560   0x00000006   Code   RO          298    .text.MCI_GetIab    mc_interface.o
    0x08002566   0x08002566   0x00000002   PAD
    0x08002568   0x08002568   0x00000006   Code   RO          300    .text.MCI_GetIalphabeta  mc_interface.o
    0x0800256e   0x0800256e   0x00000002   PAD
    0x08002570   0x08002570   0x00000006   Code   RO          302    .text.MCI_GetIqd    mc_interface.o
    0x08002576   0x08002576   0x00000002   PAD
    0x08002578   0x08002578   0x00000006   Code   RO          306    .text.MCI_GetIqdref  mc_interface.o
    0x0800257e   0x0800257e   0x00000002   PAD
    0x08002580   0x08002580   0x0000000e   Code   RO          284    .text.MCI_GetLastRampFinalSpeed  mc_interface.o
    0x0800258e   0x0800258e   0x00000002   PAD
    0x08002590   0x08002590   0x00000006   Code   RO          296    .text.MCI_GetMecSpeedRefUnit  mc_interface.o
    0x08002596   0x08002596   0x00000002   PAD
    0x08002598   0x08002598   0x00000006   Code   RO          274    .text.MCI_GetSTMState  mc_interface.o
    0x0800259e   0x0800259e   0x00000002   PAD
    0x080025a0   0x080025a0   0x00000008   Code   RO          314    .text.MCI_GetTeref  mc_interface.o
    0x080025a8   0x080025a8   0x00000008   Code   RO          310    .text.MCI_GetValphabeta  mc_interface.o
    0x080025b0   0x080025b0   0x00000008   Code   RO          308    .text.MCI_GetVqd    mc_interface.o
    0x080025b8   0x080025b8   0x00000012   Code   RO          254    .text.MCI_Init      mc_interface.o
    0x080025ca   0x080025ca   0x00000002   PAD
    0x080025cc   0x080025cc   0x00000010   Code   RO          260    .text.MCI_SetCurrentReferences  mc_interface.o
    0x080025dc   0x080025dc   0x00000008   Code   RO          320    .text.MCI_SetIdref  mc_interface.o
    0x080025e4   0x080025e4   0x00000016   Code   RO          262    .text.MCI_StartMotor  mc_interface.o
    0x080025fa   0x080025fa   0x00000002   PAD
    0x080025fc   0x080025fc   0x00000008   Code   RO          264    .text.MCI_StopMotor  mc_interface.o
    0x08002604   0x08002604   0x00000006   Code   RO          290    .text.MCI_StopRamp  mc_interface.o
    0x0800260a   0x0800260a   0x00000002   PAD
    0x0800260c   0x0800260c   0x00000032   Code   RO          231    .text.MCM_Clarke    mc_math.o
    0x0800263e   0x0800263e   0x00000002   PAD
    0x08002640   0x08002640   0x00000048   Code   RO          233    .text.MCM_Park      mc_math.o
    0x08002688   0x08002688   0x00000026   Code   RO          237    .text.MCM_Rev_Park  mc_math.o
    0x080026ae   0x080026ae   0x00000002   PAD
    0x080026b0   0x080026b0   0x0000008c   Code   RO          235    .text.MCM_Trig_Functions  mc_math.o
    0x0800273c   0x0800273c   0x0000004c   Code   RO          112    .text.MCP_Init      motor_control_protocol.o
    0x08002788   0x08002788   0x00000004   Code   RO          118    .text.MCP_OnTimeOut  motor_control_protocol.o
    0x0800278c   0x0800278c   0x0000095e   Code   RO          116    .text.MCP_ReceivedFrame  motor_control_protocol.o
    0x080030ea   0x080030ea   0x00000002   PAD
    0x080030ec   0x080030ec   0x00000004   Code   RO          114    .text.MCP_SentFrame  motor_control_protocol.o
    0x080030f0   0x080030f0   0x0000001a   Code   RO          120    .text.MCP_WaitNextFrame  motor_control_protocol.o
    0x0800310a   0x0800310a   0x00000002   PAD
    0x0800310c   0x0800310c   0x0000000e   Code   RO          102    .text.MC_GetSTMStateMotor1  mc_api.o
    0x0800311a   0x0800311a   0x00000002   PAD
    0x0800311c   0x0800311c   0x00000022   Code   RO          164    .text.MC_RunMotorControlTasks  mc_tasks.o
    0x0800313e   0x0800313e   0x00000002   PAD
    0x08003140   0x08003140   0x00000044   Code   RO          166    .text.MC_Scheduler  mc_tasks.o
    0x08003184   0x08003184   0x0000000e   Code   RO           42    .text.MC_StartMotor1  mc_api.o
    0x08003192   0x08003192   0x00000002   PAD
    0x08003194   0x08003194   0x0000000e   Code   RO           44    .text.MC_StopMotor1  mc_api.o
    0x080031a2   0x080031a2   0x00000002   PAD
    0x080031a4   0x080031a4   0x00000170   Code   RO          160    .text.MCboot        mc_tasks.o
    0x08003314   0x08003314   0x00000106   Code   RO         1529    .text.MPM_CalcElMotorPower  motor_power_measurement.o
    0x0800341a   0x0800341a   0x00000002   PAD
    0x0800341c   0x0800341c   0x0000000c   Code   RO         1527    .text.MPM_Clear     motor_power_measurement.o
    0x08003428   0x08003428   0x00000006   Code   RO         1533    .text.MPM_GetAvrgElMotorPowerW  motor_power_measurement.o
    0x0800342e   0x0800342e   0x00000002   PAD
    0x08003430   0x08003430   0x00000052   Code   RO           31    .text.MX_MotorControl_Init  motorcontrol.o
    0x08003482   0x08003482   0x00000002   PAD
    0x08003484   0x08003484   0x0000003a   Code   RO         1549    .text.NTC_CalcAvTemp  ntc_temperature_sensor.o
    0x080034be   0x080034be   0x00000002   PAD
    0x080034c0   0x080034c0   0x00000006   Code   RO         1547    .text.NTC_Clear     ntc_temperature_sensor.o
    0x080034c6   0x080034c6   0x00000002   PAD
    0x080034c8   0x080034c8   0x00000028   Code   RO         1553    .text.NTC_GetAvTemp_C  ntc_temperature_sensor.o
    0x080034f0   0x080034f0   0x0000002c   Code   RO         1545    .text.NTC_Init      ntc_temperature_sensor.o
    0x0800351c   0x0800351c   0x00000018   Code   RO         1543    .text.NTC_SetFaultState  ntc_temperature_sensor.o
    0x08003534   0x08003534   0x00000006   Code   RO         1619    .text.PID_GetKD     pid_regulator.o
    0x0800353a   0x0800353a   0x00000002   PAD
    0x0800353c   0x0800353c   0x00000006   Code   RO         1591    .text.PID_GetKI     pid_regulator.o
    0x08003542   0x08003542   0x00000002   PAD
    0x08003544   0x08003544   0x00000004   Code   RO         1603    .text.PID_GetKIDivisor  pid_regulator.o
    0x08003548   0x08003548   0x00000006   Code   RO         1589    .text.PID_GetKP     pid_regulator.o
    0x0800354e   0x0800354e   0x00000002   PAD
    0x08003550   0x08003550   0x00000004   Code   RO         1599    .text.PID_GetKPDivisor  pid_regulator.o
    0x08003554   0x08003554   0x00000010   Code   RO         1583    .text.PID_HandleInit  pid_regulator.o
    0x08003564   0x08003564   0x00000004   Code   RO         1597    .text.PID_SetIntegralTerm  pid_regulator.o
    0x08003568   0x08003568   0x00000004   Code   RO         1617    .text.PID_SetKD     pid_regulator.o
    0x0800356c   0x0800356c   0x00000004   Code   RO         1587    .text.PID_SetKI     pid_regulator.o
    0x08003570   0x08003570   0x00000004   Code   RO         1585    .text.PID_SetKP     pid_regulator.o
    0x08003574   0x08003574   0x00000084   Code   RO         1625    .text.PI_Controller  pid_regulator.o
    0x080035f8   0x080035f8   0x0000005c   Code   RO         1637    .text.PQD_CalcElMotorPower  pqd_motor_power_measurement.o
    0x08003654   0x08003654   0x00000004   Code   RO         1658    .text.PWMC_CheckOverCurrent  pwm_curr_fdbk.o
    0x08003658   0x08003658   0x00000040   Code   RO         1654    .text.PWMC_CurrentReadingCalibr  pwm_curr_fdbk.o
    0x08003698   0x08003698   0x00000004   Code   RO         1646    .text.PWMC_GetPhaseCurrents  pwm_curr_fdbk.o
    0x0800369c   0x0800369c   0x00000196   Code   RO         1648    .text.PWMC_SetPhaseVoltage  pwm_curr_fdbk.o
    0x08003832   0x08003832   0x00000002   PAD
    0x08003834   0x08003834   0x00000004   Code   RO         1650    .text.PWMC_SwitchOffPWM  pwm_curr_fdbk.o
    0x08003838   0x08003838   0x0000003c   Code   RO         1942    .text.R3_2_BRK_IRQHandler  r3_2_f4xx_pwm_curr_fdbk.o
    0x08003874   0x08003874   0x00000104   Code   RO         1922    .text.R3_2_CurrentReadingCalibration  r3_2_f4xx_pwm_curr_fdbk.o
    0x08003978   0x08003978   0x0000013c   Code   RO         1934    .text.R3_2_GetPhaseCurrents  r3_2_f4xx_pwm_curr_fdbk.o
    0x08003ab4   0x08003ab4   0x00000048   Code   RO         1924    .text.R3_2_HFCurrentsCalibrationAB  r3_2_f4xx_pwm_curr_fdbk.o
    0x08003afc   0x08003afc   0x0000003a   Code   RO         1932    .text.R3_2_HFCurrentsCalibrationC  r3_2_f4xx_pwm_curr_fdbk.o
    0x08003b36   0x08003b36   0x00000002   PAD
    0x08003b38   0x08003b38   0x000000fa   Code   RO         1920    .text.R3_2_Init     r3_2_f4xx_pwm_curr_fdbk.o
    0x08003c32   0x08003c32   0x00000002   PAD
    0x08003c34   0x08003c34   0x00000016   Code   RO         1944    .text.R3_2_IsOverCurrentOccurred  r3_2_f4xx_pwm_curr_fdbk.o
    0x08003c4a   0x08003c4a   0x00000002   PAD
    0x08003c4c   0x08003c4c   0x00000128   Code   RO         1954    .text.R3_2_RLDetectionModeDisable  r3_2_f4xx_pwm_curr_fdbk.o
    0x08003d74   0x08003d74   0x000000bc   Code   RO         1946    .text.R3_2_RLDetectionModeEnable  r3_2_f4xx_pwm_curr_fdbk.o
    0x08003e30   0x08003e30   0x0000002a   Code   RO         1956    .text.R3_2_RLDetectionModeSetDuty  r3_2_f4xx_pwm_curr_fdbk.o
    0x08003e5a   0x08003e5a   0x00000002   PAD
    0x08003e5c   0x08003e5c   0x00000040   Code   RO         1948    .text.R3_2_RLGetPhaseCurrents  r3_2_f4xx_pwm_curr_fdbk.o
    0x08003e9c   0x08003e9c   0x000000b0   Code   RO         1952    .text.R3_2_RLSwitchOnPWM  r3_2_f4xx_pwm_curr_fdbk.o
    0x08003f4c   0x08003f4c   0x0000005c   Code   RO         1950    .text.R3_2_RLTurnOnLowSides  r3_2_f4xx_pwm_curr_fdbk.o
    0x08003fa8   0x08003fa8   0x0000003c   Code   RO         1926    .text.R3_2_SetADCSampPointCalibration  r3_2_f4xx_pwm_curr_fdbk.o
    0x08003fe4   0x08003fe4   0x00000078   Code   RO         1936    .text.R3_2_SetADCSampPointSectX  r3_2_f4xx_pwm_curr_fdbk.o
    0x0800405c   0x0800405c   0x0000006a   Code   RO         1930    .text.R3_2_SwitchOffPWM  r3_2_f4xx_pwm_curr_fdbk.o
    0x080040c6   0x080040c6   0x00000002   PAD
    0x080040c8   0x080040c8   0x0000009e   Code   RO         1928    .text.R3_2_SwitchOnPWM  r3_2_f4xx_pwm_curr_fdbk.o
    0x08004166   0x08004166   0x00000002   PAD
    0x08004168   0x08004168   0x000000f4   Code   RO         1940    .text.R3_2_TIMx_UP_IRQHandler  r3_2_f4xx_pwm_curr_fdbk.o
    0x0800425c   0x0800425c   0x00000060   Code   RO         1938    .text.R3_2_TurnOnLowSides  r3_2_f4xx_pwm_curr_fdbk.o
    0x080042bc   0x080042bc   0x0000004a   Code   RO          212    .text.RCM_ExecRegularConv  regular_conversion_manager.o
    0x08004306   0x08004306   0x00000002   PAD
    0x08004308   0x08004308   0x00000082   Code   RO          218    .text.RCM_ExecUserConv  regular_conversion_manager.o
    0x0800438a   0x0800438a   0x00000002   PAD
    0x0800438c   0x0800438c   0x00000152   Code   RO          210    .text.RCM_RegisterRegConv  regular_conversion_manager.o
    0x080044de   0x080044de   0x00000002   PAD
    0x080044e0   0x080044e0   0x00000010   Code   RO         1732    .text.REMNG_Init    ramp_ext_mngr.o
    0x080044f0   0x080044f0   0x00000006   Code   RO         1780    .text.RUC_GetNumberOfPhases  revup_ctrl.o
    0x080044f6   0x080044f6   0x00000002   PAD
    0x080044f8   0x080044f8   0x0000000c   Code   RO         1774    .text.RUC_GetPhaseDurationms  revup_ctrl.o
    0x08004504   0x08004504   0x0000000e   Code   RO         1776    .text.RUC_GetPhaseFinalMecSpeedUnit  revup_ctrl.o
    0x08004512   0x08004512   0x00000002   PAD
    0x08004514   0x08004514   0x0000000e   Code   RO         1778    .text.RUC_GetPhaseFinalTorque  revup_ctrl.o
    0x08004522   0x08004522   0x00000002   PAD
    0x08004524   0x08004524   0x0000000c   Code   RO         1768    .text.RUC_SetPhaseDurationms  revup_ctrl.o
    0x08004530   0x08004530   0x0000000c   Code   RO         1770    .text.RUC_SetPhaseFinalMecSpeedUnit  revup_ctrl.o
    0x0800453c   0x0800453c   0x0000000c   Code   RO         1772    .text.RUC_SetPhaseFinalTorque  revup_ctrl.o
    0x08004548   0x08004548   0x00000094   Code   RO         1722    .text.RVBS_CalcAvVbus  r_divider_bus_voltage_sensor.o
    0x080045dc   0x080045dc   0x0000001a   Code   RO         1720    .text.RVBS_CheckFaultState  r_divider_bus_voltage_sensor.o
    0x080045f6   0x080045f6   0x00000002   PAD
    0x080045f8   0x080045f8   0x00000064   Code   RO         1716    .text.RVBS_Clear    r_divider_bus_voltage_sensor.o
    0x0800465c   0x0800465c   0x0000001a   Code   RO         1714    .text.RVBS_Init     r_divider_bus_voltage_sensor.o
    0x08004676   0x08004676   0x00000002   PAD
    0x08004678   0x08004678   0x00000006   Code   RO         1796    .text.SPD_GetAvrgMecSpeedUnit  speed_pos_fdbk.o
    0x0800467e   0x0800467e   0x00000002   PAD
    0x08004680   0x08004680   0x00000006   Code   RO         1792    .text.SPD_GetElAngle  speed_pos_fdbk.o
    0x08004686   0x08004686   0x00000002   PAD
    0x08004688   0x08004688   0x00000006   Code   RO         1800    .text.SPD_GetInstElSpeedDpp  speed_pos_fdbk.o
    0x0800468e   0x0800468e   0x00000002   PAD
    0x08004690   0x08004690   0x00000014   Code   RO         1806    .text.SPD_GetS16Speed  speed_pos_fdbk.o
    0x080046a4   0x080046a4   0x0000005c   Code   RO         1804    .text.SPD_IsMecSpeedReliable  speed_pos_fdbk.o
    0x08004700   0x08004700   0x00000056   Code   RO         1840    .text.STC_CalcTorqueReference  speed_torq_ctrl.o
    0x08004756   0x08004756   0x00000002   PAD
    0x08004758   0x08004758   0x00000010   Code   RO         1826    .text.STC_Clear     speed_torq_ctrl.o
    0x08004768   0x08004768   0x000000a4   Code   RO         1836    .text.STC_ExecRamp  speed_torq_ctrl.o
    0x0800480c   0x0800480c   0x00000010   Code   RO         1856    .text.STC_ForceSpeedReferenceToCurrentSpeed  speed_torq_ctrl.o
    0x0800481c   0x0800481c   0x00000006   Code   RO         1852    .text.STC_GetDefaultIqdref  speed_torq_ctrl.o
    0x08004822   0x08004822   0x00000002   PAD
    0x08004824   0x08004824   0x00000004   Code   RO         1844    .text.STC_GetMaxAppPositiveMecSpeedUnit  speed_torq_ctrl.o
    0x08004828   0x08004828   0x0000000c   Code   RO         1828    .text.STC_GetMecSpeedRefUnit  speed_torq_ctrl.o
    0x08004834   0x08004834   0x00000006   Code   RO         1842    .text.STC_GetMecSpeedRefUnitDefault  speed_torq_ctrl.o
    0x0800483a   0x0800483a   0x00000002   PAD
    0x0800483c   0x0800483c   0x00000006   Code   RO         1846    .text.STC_GetMinAppNegativeMecSpeedUnit  speed_torq_ctrl.o
    0x08004842   0x08004842   0x00000002   PAD
    0x08004844   0x08004844   0x00000004   Code   RO         1824    .text.STC_GetSpeedSensor  speed_torq_ctrl.o
    0x08004848   0x08004848   0x0000000c   Code   RO         1830    .text.STC_GetTorqueRef  speed_torq_ctrl.o
    0x08004854   0x08004854   0x0000002a   Code   RO         1820    .text.STC_Init      speed_torq_ctrl.o
    0x0800487e   0x0800487e   0x00000002   PAD
    0x08004880   0x08004880   0x00000008   Code   RO         1832    .text.STC_SetControlMode  speed_torq_ctrl.o
    0x08004888   0x08004888   0x00000008   Code   RO         1838    .text.STC_StopRamp  speed_torq_ctrl.o
    0x08004890   0x08004890   0x0000001a   Code   RO         1874    .text.STM_FaultAcknowledged  state_machine.o
    0x080048aa   0x080048aa   0x00000002   PAD
    0x080048ac   0x080048ac   0x0000004a   Code   RO         1870    .text.STM_FaultProcessing  state_machine.o
    0x080048f6   0x080048f6   0x00000002   PAD
    0x080048f8   0x080048f8   0x0000000a   Code   RO         1876    .text.STM_GetFaultState  state_machine.o
    0x08004902   0x08004902   0x00000002   PAD
    0x08004904   0x08004904   0x00000004   Code   RO         1872    .text.STM_GetState  state_machine.o
    0x08004908   0x08004908   0x0000000a   Code   RO         1866    .text.STM_Init      state_machine.o
    0x08004912   0x08004912   0x00000002   PAD
    0x08004914   0x08004914   0x00000294   Code   RO         1868    .text.STM_NextState  state_machine.o
    0x08004ba8   0x08004ba8   0x00000026   Code   RO          344    .text.SysTick_Handler  stm32f4xx_mc_it.o
    0x08004bce   0x08004bce   0x00000002   PAD
    0x08004bd0   0x08004bd0   0x000000b4   Code   RO           13    .text.SystemClock_Config  main.o
    0x08004c84   0x08004c84   0x0000001a   Code   RO         1451    .text.SystemInit    system_stm32f4xx.o
    0x08004c9e   0x08004c9e   0x00000002   PAD
    0x08004ca0   0x08004ca0   0x00000032   Code   RO          336    .text.TIM1_BRK_TIM9_IRQHandler  stm32f4xx_mc_it.o
    0x08004cd2   0x08004cd2   0x00000002   PAD
    0x08004cd4   0x08004cd4   0x00000016   Code   RO          334    .text.TIM1_UP_TIM10_IRQHandler  stm32f4xx_mc_it.o
    0x08004cea   0x08004cea   0x00000002   PAD
    0x08004cec   0x08004cec   0x0000003e   Code   RO          338    .text.TIM5_IRQHandler  stm32f4xx_mc_it.o
    0x08004d2a   0x08004d2a   0x00000002   PAD
    0x08004d2c   0x08004d2c   0x00000134   Code   RO         1046    .text.TIM_Base_SetConfig  stm32f4xx_hal_tim.o
    0x08004e60   0x08004e60   0x00000068   Code   RO         1190    .text.TIM_OC2_SetConfig  stm32f4xx_hal_tim.o
    0x08004ec8   0x08004ec8   0x000000de   Code   RO         1224    .text.TIM_SlaveTimer_SetConfig  stm32f4xx_hal_tim.o
    0x08004fa6   0x08004fa6   0x00000002   PAD
    0x08004fa8   0x08004fa8   0x000000ae   Code   RO         1194    .text.TIM_TI1_SetConfig  stm32f4xx_hal_tim.o
    0x08005056   0x08005056   0x00000002   PAD
    0x08005058   0x08005058   0x00000012   Code   RO          174    .text.TSK_ChargeBootCapDelayHasElapsedM1  mc_tasks.o
    0x0800506a   0x0800506a   0x00000002   PAD
    0x0800506c   0x0800506c   0x00000020   Code   RO          192    .text.TSK_HardwareFaultTask  mc_tasks.o
    0x0800508c   0x0800508c   0x000000be   Code   RO          184    .text.TSK_HighFrequencyTask  mc_tasks.o
    0x0800514a   0x0800514a   0x00000002   PAD
    0x0800514c   0x0800514c   0x0000013e   Code   RO          170    .text.TSK_MediumFrequencyTaskM1  mc_tasks.o
    0x0800528a   0x0800528a   0x00000002   PAD
    0x0800528c   0x0800528c   0x00000020   Code   RO          168    .text.TSK_SafetyTask  mc_tasks.o
    0x080052ac   0x080052ac   0x00000088   Code   RO          186    .text.TSK_SafetyTask_PWMOFF  mc_tasks.o
    0x08005334   0x08005334   0x0000000c   Code   RO          172    .text.TSK_SetChargeBootCapDelayM1  mc_tasks.o
    0x08005340   0x08005340   0x0000000c   Code   RO          180    .text.TSK_SetStopPermanencyTimeM1  mc_tasks.o
    0x0800534c   0x0800534c   0x00000012   Code   RO          182    .text.TSK_StopPermanencyTimeHasElapsedM1  mc_tasks.o
    0x0800535e   0x0800535e   0x00000002   PAD
    0x08005360   0x08005360   0x000000fa   Code   RO         1349    .text.UART_SetConfig  stm32f4xx_hal_uart.o
    0x0800545a   0x0800545a   0x00000002   PAD
    0x0800545c   0x0800545c   0x00000008   Code   RO         2031    .text.UFCP_AbortReceive  usart_frame_communication_protocol.o
    0x08005464   0x08005464   0x00000004   Code   RO         2017    .text.UFCP_Init     usart_frame_communication_protocol.o
    0x08005468   0x08005468   0x0000001a   Code   RO         2025    .text.UFCP_OVR_IRQ_Handler  usart_frame_communication_protocol.o
    0x08005482   0x08005482   0x00000002   PAD
    0x08005484   0x08005484   0x000000cc   Code   RO         2019    .text.UFCP_RX_IRQ_Handler  usart_frame_communication_protocol.o
    0x08005550   0x08005550   0x00000026   Code   RO         2029    .text.UFCP_Receive  usart_frame_communication_protocol.o
    0x08005576   0x08005576   0x00000002   PAD
    0x08005578   0x08005578   0x000000bc   Code   RO         2021    .text.UFCP_Send     usart_frame_communication_protocol.o
    0x08005634   0x08005634   0x00000066   Code   RO         2023    .text.UFCP_TX_IRQ_Handler  usart_frame_communication_protocol.o
    0x0800569a   0x0800569a   0x00000002   PAD
    0x0800569c   0x0800569c   0x0000000a   Code   RO          432    .text.UI_DACExec    user_interface.o
    0x080056a6   0x080056a6   0x00000002   PAD
    0x080056a8   0x080056a8   0x0000000a   Code   RO          430    .text.UI_DACInit    user_interface.o
    0x080056b2   0x080056b2   0x00000002   PAD
    0x080056b4   0x080056b4   0x00000024   Code   RO          367    .text.UI_DACUpdate  ui_task.o
    0x080056d8   0x080056d8   0x000000a2   Code   RO          416    .text.UI_ExecCmd    user_interface.o
    0x0800577a   0x0800577a   0x00000002   PAD
    0x0800577c   0x0800577c   0x00000026   Code   RO          418    .text.UI_ExecSpeedRamp  user_interface.o
    0x080057a2   0x080057a2   0x00000002   PAD
    0x080057a4   0x080057a4   0x00000014   Code   RO          420    .text.UI_ExecTorqueRamp  user_interface.o
    0x080057b8   0x080057b8   0x0000000c   Code   RO          414    .text.UI_GetDAC     user_interface.o
    0x080057c4   0x080057c4   0x00000004   Code   RO          428    .text.UI_GetMPInfo  user_interface.o
    0x080057c8   0x080057c8   0x000003a2   Code   RO          412    .text.UI_GetReg     user_interface.o
    0x08005b6a   0x08005b6a   0x00000002   PAD
    0x08005b6c   0x08005b6c   0x00000046   Code   RO          422    .text.UI_GetRevupData  user_interface.o
    0x08005bb2   0x08005bb2   0x00000002   PAD
    0x08005bb4   0x08005bb4   0x00000006   Code   RO          406    .text.UI_GetSelectedMC  user_interface.o
    0x08005bba   0x08005bba   0x00000002   PAD
    0x08005bbc   0x08005bbc   0x00000018   Code   RO          389    .text.UI_HandleStartStopButton_cb  ui_task.o
    0x08005bd4   0x08005bd4   0x00000014   Code   RO          402    .text.UI_Init       user_interface.o
    0x08005be8   0x08005be8   0x00000036   Code   RO          365    .text.UI_Scheduler  ui_task.o
    0x08005c1e   0x08005c1e   0x00000002   PAD
    0x08005c20   0x08005c20   0x00000014   Code   RO          404    .text.UI_SelectMC   user_interface.o
    0x08005c34   0x08005c34   0x0000000e   Code   RO          387    .text.UI_SerialCommunicationTimeOutStart  ui_task.o
    0x08005c42   0x08005c42   0x00000002   PAD
    0x08005c44   0x08005c44   0x0000000e   Code   RO          385    .text.UI_SerialCommunicationTimeOutStop  ui_task.o
    0x08005c52   0x08005c52   0x00000002   PAD
    0x08005c54   0x08005c54   0x00000012   Code   RO          426    .text.UI_SetCurrentReferences  user_interface.o
    0x08005c66   0x08005c66   0x00000002   PAD
    0x08005c68   0x08005c68   0x0000000a   Code   RO          434    .text.UI_SetDAC     user_interface.o
    0x08005c72   0x08005c72   0x00000002   PAD
    0x08005c74   0x08005c74   0x00000198   Code   RO          410    .text.UI_SetReg     user_interface.o
    0x08005e0c   0x08005e0c   0x00000036   Code   RO          424    .text.UI_SetRevupData  user_interface.o
    0x08005e42   0x08005e42   0x00000002   PAD
    0x08005e44   0x08005e44   0x0000010a   Code   RO          363    .text.UI_TaskInit   ui_task.o
    0x08005f4e   0x08005f4e   0x00000002   PAD
    0x08005f50   0x08005f50   0x00000084   Code   RO          340    .text.USART1_IRQHandler  stm32f4xx_mc_it.o
    0x08005fd4   0x08005fd4   0x0000000a   Code   RO         1470    .text.VBS_GetAvBusVoltage_V  bus_voltage_sensor.o
    0x08005fde   0x08005fde   0x00000002   PAD
    0x08005fe0   0x08005fe0   0x00000596   Code   RO           11    .text.main          main.o
    0x08006576   0x08006576   0x00000002   PAD
    0x08006578   0x08006578   0x00000158   Code   RO          194    .text.mc_lock_pins  mc_tasks.o
    0x080066d0   0x080066d0   0x00000060   Code   RO         1702    .text.startTimers   pwm_common.o
    0x08006730   0x08006730   0x0000005c   Code   RO         1704    .text.waitForPolarizationEnd  pwm_common.o
    0x0800678c   0x0800678c   0x0000000e   Code   RO         2072    i.__scatterload_copy  mc_w.l(handlers.o)
    0x0800679a   0x0800679a   0x00000002   Code   RO         2073    i.__scatterload_null  mc_w.l(handlers.o)
    0x0800679c   0x0800679c   0x0000000e   Code   RO         2074    i.__scatterload_zeroinit  mc_w.l(handlers.o)
    0x080067aa   0x080067aa   0x00000010   Data   RO         1456    .rodata.AHBPrescTable  system_stm32f4xx.o
    0x080067ba   0x080067ba   0x00000008   Data   RO         1457    .rodata.APBPrescTable  system_stm32f4xx.o
    0x080067c2   0x080067c2   0x00000002   PAD
    0x080067c4   0x080067c4   0x00000094   Data   RO          357    .rodata.R3_2_ParamsM1  mc_parameters.o
    0x08006858   0x08006858   0x00000002   Data   RO         2033    .rodata.UFCP_Usart_Timeout_none  usart_frame_communication_protocol.o
    0x0800685a   0x0800685a   0x00000002   Data   RO         2034    .rodata.UFCP_Usart_Timeout_start  usart_frame_communication_protocol.o
    0x0800685c   0x0800685c   0x00000002   Data   RO         2035    .rodata.UFCP_Usart_Timeout_stop  usart_frame_communication_protocol.o
    0x0800685e   0x0800685e   0x00000200   Data   RO          245    .rodata.hSin_Cos_Table  mc_math.o
    0x08006a5e   0x08006a5e   0x00000020   Data   RO           33    .rodata.s_fwVer     motorcontrol.o
    0x08006a7e   0x08006a7e   0x00000002   PAD
    0x08006a80   0x08006a80   0x00000020   Data   RO         2071    Region$$Table       anon$$obj.o


    Execution Region RW_IRAM2 (Exec base: 0x10000000, Load base: 0x08006c58, Size: 0x00000000, Max: 0x00010000, ABSOLUTE)

    **** No section assigned to this execution region ****


    Execution Region RW_IRAM1 (Exec base: 0x20000000, Load base: 0x08006aa0, Size: 0x00000d60, Max: 0x00020000, ABSOLUTE, COMPRESSED[0x000001b8])

    Exec Addr    Load Addr    Size         Type   Attr      Idx    E Section Name        Object

    0x20000000   COMPRESSED   0x00000008   Data   RW          927    .data..L_MergedGlobals  stm32f4xx_hal.o
    0x20000008   COMPRESSED   0x000000b4   Data   RW          153    .data.CircleLimitationM1  mc_config.o
    0x200000bc   COMPRESSED   0x0000003c   Data   RW          151    .data.DAC_UI_Params  mc_config.o
    0x200000f8   COMPRESSED   0x000000c8   Data   RW          146    .data.HALL_M1       mc_config.o
    0x200001c0   COMPRESSED   0x0000002c   Data   RW          143    .data.PIDIdHandle_M1  mc_config.o
    0x200001ec   COMPRESSED   0x0000002c   Data   RW          142    .data.PIDIqHandle_M1  mc_config.o
    0x20000218   COMPRESSED   0x0000002c   Data   RW          141    .data.PIDSpeedHandle_M1  mc_config.o
    0x20000244   COMPRESSED   0x00000114   Data   RW          139    .data.PQD_MotorPowMeasM1  mc_config.o
    0x20000358   COMPRESSED   0x0000007c   Data   RW          145    .data.PWM_Handle_M1  mc_config.o
    0x200003d4   COMPRESSED   0x00000018   Data   RW          152    .data.RampExtMngrHFParamsM1  mc_config.o
    0x200003ec   COMPRESSED   0x00000028   Data   RW          149    .data.RealBusVoltageSensorParamsM1  mc_config.o
    0x20000414   COMPRESSED   0x00000034   Data   RW          144    .data.SpeednTorqCtrlM1  mc_config.o
    0x20000448   COMPRESSED   0x00000001   Data   RW          348    .data.SysTick_Handler.SystickDividerCounter  stm32f4xx_mc_it.o
    0x20000449   COMPRESSED   0x00000003   PAD
    0x2000044c   COMPRESSED   0x00000004   Data   RW         1455    .data.SystemCoreClock  system_stm32f4xx.o
    0x20000450   COMPRESSED   0x00000028   Data   RW          147    .data.TempSensorParamsM1  mc_config.o
    0x20000478   COMPRESSED   0x00000030   Data   RW          150    .data.UI_Params     mc_config.o
    0x200004a8   COMPRESSED   0x00000002   Data   RW          392    .data.bCOMATRTimeCounter  ui_task.o
    0x200004aa   COMPRESSED   0x00000002   PAD
    0x200004ac   COMPRESSED   0x0000013c   Data   RW          154    .data.pUSART        mc_config.o
    0x200005e8   COMPRESSED   0x00000004   Data   RW           34    .data.wConfig       motorcontrol.o
    0x200005ec   COMPRESSED   0x00000004   PAD
    0x200005f0        -       0x00000054   Zero   RW           22    .bss..L_MergedGlobals  main.o
    0x20000644        -       0x00000008   Zero   RW           35    .bss..L_MergedGlobals  motorcontrol.o
    0x2000064c        -       0x0000007e   Zero   RW          199    .bss..L_MergedGlobals  mc_tasks.o
    0x200006ca   COMPRESSED   0x00000002   PAD
    0x200006cc        -       0x00000034   Zero   RW          222    .bss..L_MergedGlobals  regular_conversion_manager.o
    0x20000700        -       0x0000000c   Zero   RW          393    .bss..L_MergedGlobals  ui_task.o
    0x2000070c        -       0x000000cc   Zero   RW          391    .bss.MCP_UI_Params  ui_task.o
    0x200007d8        -       0x00000054   Zero   RW          196    .bss.MCT            mc_tasks.o
    0x2000082c        -       0x00000008   Zero   RW          130    .bss.MPInfo         motor_control_protocol.o
    0x20000834        -       0x00000014   Zero   RW          148    .bss.RealBusVoltageSensorFilterBufferM1  mc_config.o
    0x20000848        -       0x00000048   Zero   RW           17    .bss.hadc1          main.o
    0x20000890        -       0x00000048   Zero   RW           18    .bss.hadc2          main.o
    0x200008d8        -       0x00000040   Zero   RW           19    .bss.htim5          main.o
    0x20000918        -       0x00000040   Zero   RW           20    .bss.huart1         main.o
    0x20000958        -       0x00000004   Zero   RW          926    .bss.uwTick         stm32f4xx_hal.o
    0x2000095c   COMPRESSED   0x00000004   PAD
    0x20000960        -       0x00000400   Zero   RW            1    STACK               startup_stm32f407xx.o


==============================================================================

Image component sizes


      Code (inc. data)   RO Data    RW Data    ZI Data      Debug   Object Name

        10          0          0          0          0       1691   bus_voltage_sensor.o
        76          0          0          0          0       1656   circle_limitation.o
        34          0          0          0          0      25653   dac_common_ui.o
       112          0          0          0          0      26255   dac_ui.o
       178          0          0          0          0      27519   frame_communication_protocol.o
      1796         14          0          0          0      11007   hall_speed_pos_fdbk.o
      1610          0          0          0        356      16139   main.o
        42          0          0          0          0       8914   mc_api.o
         0          0          0       1492         20      29009   mc_config.o
       356          0          0          0          0      11123   mc_interface.o
       300          4        512          0          0       5756   mc_math.o
         0          0        148          0          0       2624   mc_parameters.o
      1708         18          0          0        210      25612   mc_tasks.o
      2508        588          0          0          8      36976   motor_control_protocol.o
       280          0          0          0          0       2978   motor_power_measurement.o
        82          0         32          4          8      19075   motorcontrol.o
       172          0          0          0          0       3335   ntc_temperature_sensor.o
       190          0          0          0          0       5665   pid_regulator.o
        92          0          0          0          0       2512   pqd_motor_power_measurement.o
       188          0          0          0          0       3741   pwm_common.o
       482          0          0          0          0       7199   pwm_curr_fdbk.o
      2680          0          0          0          0      23634   r3_2_f4xx_pwm_curr_fdbk.o
       300          0          0          0          0       4505   r_divider_bus_voltage_sensor.o
        16          0          0          0          0       3270   ramp_ext_mngr.o
       542          0          0          0         52       5662   regular_conversion_manager.o
        82          0          0          0          0      11535   revup_ctrl.o
       130          0          0          0          0       3520   speed_pos_fdbk.o
       390          0          0          0          0       6976   speed_torq_ctrl.o
        36          8        392          0       1024        848   startup_stm32f407xx.o
       784        184          0          0          0       4253   state_machine.o
       164          0          0          8          4       7324   stm32f4xx_hal.o
       664          0          0          0          0      11566   stm32f4xx_hal_adc.o
       344          0          0          0          0       9832   stm32f4xx_hal_adc_ex.o
       202          0          0          0          0      10453   stm32f4xx_hal_cortex.o
       124          0          0          0          0       7747   stm32f4xx_hal_dac.o
       480          0          0          0          0       5544   stm32f4xx_hal_gpio.o
       874          0          0          0          0      11974   stm32f4xx_hal_msp.o
      1488          4          0          0          0       7617   stm32f4xx_hal_rcc.o
      1948          8          0          0          0      49713   stm32f4xx_hal_tim.o
       444          0          0          0          0      17438   stm32f4xx_hal_tim_ex.o
       344          0          0          0          0      19568   stm32f4xx_hal_uart.o
       476          0          0          1          0      15468   stm32f4xx_mc_it.o
        26          0         24          4          0       2727   system_stm32f4xx.o
       408          0          0          2        216      28940   ui_task.o
       570          0          6          0          0       6526   usart_frame_communication_protocol.o
      1792        464          0          0          0      35862   user_interface.o

    ----------------------------------------------------------------------
     25764       1292       1150       1516       1908     586941   Object Totals
         0          0         32          0          0          0   (incl. Generated)
       240          0          4          5         10          0   (incl. Padding)

    ----------------------------------------------------------------------

      Code (inc. data)   RO Data    RW Data    ZI Data      Debug   Library Member Name

        86          0          0          0          0          0   __dczerorl2.o
         0          0          0          0          0          0   entry.o
         0          0          0          0          0          0   entry10a.o
         0          0          0          0          0          0   entry11a.o
         8          4          0          0          0          0   entry2.o
         4          0          0          0          0          0   entry5.o
         0          0          0          0          0          0   entry7b.o
         0          0          0          0          0          0   entry8b.o
         8          4          0          0          0          0   entry9a.o
        30          0          0          0          0          0   handlers.o
        48         10          0          0          0         68   init.o
        30          0          0          0          0         68   llshl.o
        32          0          0          0          0         68   llushr.o
        36          0          0          0          0        108   memseta.o
        98          0          0          0          0         92   uldiv.o

    ----------------------------------------------------------------------
       382         18          0          0          0        404   Library Totals
         2          0          0          0          0          0   (incl. Padding)

    ----------------------------------------------------------------------

      Code (inc. data)   RO Data    RW Data    ZI Data      Debug   Library Name

       380         18          0          0          0        404   mc_w.l

    ----------------------------------------------------------------------
       382         18          0          0          0        404   Library Totals

    ----------------------------------------------------------------------

==============================================================================


      Code (inc. data)   RO Data    RW Data    ZI Data      Debug   

     26146       1310       1150       1516       1908     586685   Grand Totals
     26146       1310       1150        440       1908     586685   ELF Image Totals (compressed)
     26146       1310       1150        440          0          0   ROM Totals

==============================================================================

    Total RO  Size (Code + RO Data)                27296 (  26.66kB)
    Total RW  Size (RW Data + ZI Data)              3424 (   3.34kB)
    Total ROM Size (Code + RO Data + RW Data)      27736 (  27.09kB)

==============================================================================

