<html>
<body>
<pre>
<h1>µVision Build Log</h1>
<h2>Tool Versions:</h2>
IDE-Version: ¦ÌVision V5.43.1.0
Copyright (C) 2025 ARM Ltd and ARM Germany GmbH. All rights reserved.
License Information: Guyu Pan, Zhejiang Unniversity, LIC=----
 
Tool Versions:
Toolchain:       MDK-Lite  Version: 5.43.0.0
Toolchain Path:  D:\Software\Keil\ARM\ARMCLANG\Bin
C Compiler:      ArmClang.exe V6.24
Assembler:       Armasm.exe V6.24
Linker/Locator:  ArmLink.exe V6.24
Library Manager: ArmAr.exe V6.24
Hex Converter:   FromElf.exe V6.24
CPU DLL:         SARMCM3.DLL V5.43.0.0
Dialog DLL:      DCM.DLL V1.17.5.0
Target DLL:      CMSIS_AGDI.dll V1.33.24.0
Dialog DLL:      TCM.DLL V1.56.6.0
 
<h2>Project:</h2>
D:\project\internship\foc_pmsm_m1_hall\foc_pmsm_m1_hall\MDK-ARM\foc_pmsm_m1_hall.uvprojx
Project File Date:  10/11/2025

<h2>Output:</h2>
*** Using Compiler 'V6.24', folder: 'D:\Software\Keil\ARM\ARMCLANG\Bin'
Build target 'foc_pmsm_m1_hall'
assembling startup_stm32f407xx.s...
compiling mc_parameters.c...
compiling stm32f4xx_it.c...
compiling dac_ui.c...
compiling mc_config.c...
compiling motorcontrol.c...
compiling mc_api.c...
compiling regular_conversion_manager.c...
compiling ui_task.c...
compiling mc_math.c...
compiling mc_interface.c...
compiling stm32f4xx_mc_it.c...
compiling main.c...
compiling mc_tasks.c...
compiling user_interface.c...
compiling motor_control_protocol.c...
compiling stm32f4xx_hal_msp.c...
compiling stm32f4xx_hal_adc.c...
compiling stm32f4xx_hal_flash_ramfunc.c...
compiling stm32f4xx_hal_rcc_ex.c...
compiling stm32f4xx_hal_flash_ex.c...
compiling stm32f4xx_hal_flash.c...
compiling stm32f4xx_hal_rcc.c...
compiling stm32f4xx_hal_adc_ex.c...
compiling stm32f4xx_hal_gpio.c...
compiling stm32f4xx_hal_dma_ex.c...
compiling stm32f4xx_hal_pwr.c...
compiling stm32f4xx_hal_dma.c...
compiling stm32f4xx_hal_pwr_ex.c...
compiling stm32f4xx_hal.c...
compiling stm32f4xx_hal_cortex.c...
compiling stm32f4xx_hal_exti.c...
compiling stm32f4xx_hal_dac.c...
compiling stm32f4xx_hal_dac_ex.c...
compiling system_stm32f4xx.c...
compiling stm32f4xx_hal_tim_ex.c...
compiling bus_voltage_sensor.c...
compiling circle_limitation.c...
compiling digital_output.c...
compiling stm32f4xx_hal_uart.c...
compiling motor_power_measurement.c...
compiling hall_speed_pos_fdbk.c...
compiling open_loop.c...
compiling ntc_temperature_sensor.c...
compiling pid_regulator.c...
compiling stm32f4xx_hal_tim.c...
compiling pqd_motor_power_measurement.c...
compiling pwm_common.c...
compiling pwm_curr_fdbk.c...
compiling r_divider_bus_voltage_sensor.c...
compiling ramp_ext_mngr.c...
compiling speed_pos_fdbk.c...
compiling revup_ctrl.c...
compiling speed_torq_ctrl.c...
compiling state_machine.c...
compiling virtual_speed_sensor.c...
compiling ui_irq_handler.c...
compiling dac_common_ui.c...
compiling frame_communication_protocol.c...
compiling usart_frame_communication_protocol.c...
compiling r3_2_f4xx_pwm_curr_fdbk.c...
linking...
Program Size: Code=26146 RO-data=1150 RW-data=1516 ZI-data=1908  
FromELF: creating hex file...
"foc_pmsm_m1_hall\foc_pmsm_m1_hall.axf" - 0 Error(s), 0 Warning(s).

<h2>Software Packages used:</h2>

Package Vendor: ARM
                https://www.keil.com/pack/ARM.CMSIS.6.2.0.pack
                ARM::CMSIS@6.2.0
                CMSIS (Common Microcontroller Software Interface Standard)
   * Component: CORE Version: 6.1.1

Package Vendor: Keil
                https://www.keil.com/pack/Keil.STM32F4xx_DFP.3.1.1.pack
                Keil::STM32F4xx_DFP@3.1.1
                STMicroelectronics STM32F4 Series Device Support

<h2>Collection of Component include folders:</h2>
  ./RTE/_foc_pmsm_m1_hall
  D:/Software/Keil/ARM/Packs/ARM/CMSIS/6.2.0/CMSIS/Core/Include

<h2>Collection of Component Files used:</h2>

   * Component: ARM::CMSIS:CORE@6.1.1
Build Time Elapsed:  00:00:05
</pre>
</body>
</html>
